******************************************************************************
                  TI ARM Linker PC v20.2.7                     
******************************************************************************
>> Linked Thu Apr 17 16:38:47 2025

OUTPUT FILE NAME:   <Lab5.out>
ENTRY POINT SYMBOL: "_c_int00_noargs"  address: 00001089


MEMORY CONFIGURATION

         name            origin    length      used     unused   attr    fill
----------------------  --------  ---------  --------  --------  ----  --------
  MAIN                  00000000   00040000  00001120  0003eee0  R  X
  INFO                  00200000   00004000  00000000  00004000  R  X
  SRAM_CODE             01000000   00010000  0000021c  0000fde4  RW X
  SRAM_DATA             20000000   00010000  0000021c  0000fde4  RW  


SEGMENT ALLOCATION MAP

run origin  load origin   length   init length attrs members
----------  ----------- ---------- ----------- ----- -------
00000000    00000000    00001120   00001120    r-x
  00000000    00000000    000000e4   000000e4    r-- .intvecs
  000000e4    000000e4    0000101c   0000101c    r-x .text
  00001100    00001100    00000020   00000020    r-- .cinit
20000000    20000000    0000001c   00000000    rw-
  20000000    20000000    0000001c   00000000    rw- .data
2000fe00    2000fe00    00000200   00000000    rw-
  2000fe00    2000fe00    00000200   00000000    rw- .stack


SECTION ALLOCATION MAP

 output                                  attributes/
section   page    origin      length       input sections
--------  ----  ----------  ----------   ----------------
.intvecs   0    00000000    000000e4     
                  00000000    000000e4     startup_msp432p401r_ccs.obj (.intvecs:retain)

.text      0    000000e4    0000101c     
                  000000e4    0000036c     Lab5_main.obj (.text)
                  00000450    00000334     system_msp432p401r.obj (.text)
                  00000784    000001e0     Clock.obj (.text)
                  00000964    000001b4     Motor(1).obj (.text)
                  00000b18    00000136     rtsv7M4_T_le_v4SPD16_eabi.lib : fd_div_t2.asm.obj (.text)
                  00000c4e    00000002     --HOLE-- [fill = 0]
                  00000c50    00000128     Init_Ports(1).obj (.text)
                  00000d78    000000fc     rtsv7M4_T_le_v4SPD16_eabi.lib : fd_mul_t2.asm.obj (.text)
                  00000e74    0000009c                                   : memcpy_t2.asm.obj (.text)
                  00000f10    00000088     Init_Timers - Copy(1).obj (.text)
                  00000f98    00000068     rtsv7M4_T_le_v4SPD16_eabi.lib : copy_decompress_lzss.c.obj (.text:decompress:lzss:__TI_decompress_lzss)
                  00001000    00000044                                   : autoinit.c.obj (.text:__TI_auto_init_nobinit_nopinit:__TI_auto_init_nobinit_nopinit)
                  00001044    00000044                                   : fd_tou_t2.asm.obj (.text)
                  00001088    00000034                                   : boot_cortex_m.c.obj (.text:_c_int00_noargs:_c_int00_noargs)
                  000010bc    00000020                                   : u_tofd_t2.asm.obj (.text)
                  000010dc    0000000e                                   : copy_decompress_none.c.obj (.text:decompress:none:__TI_decompress_none)
                  000010ea    0000000e     startup_msp432p401r_ccs.obj (.text)
                  000010f8    00000004     rtsv7M4_T_le_v4SPD16_eabi.lib : pre_init.c.obj (.text:_system_pre_init)
                  000010fc    00000004                                   : exit.c.obj (.text:abort:abort)

.cinit     0    00001100    00000020     
                  00001100    0000000d     (.cinit..data.load) [load image, compression = lzss]
                  0000110d    00000003     --HOLE-- [fill = 0]
                  00001110    00000008     (__TI_handler_table)
                  00001118    00000008     (__TI_cinit_table)

.init_array 
*          0    00000000    00000000     UNINITIALIZED

.binit     0    00000000    00000000     

.data      0    20000000    0000001c     UNINITIALIZED
                  20000000    00000018     Clock.obj (.data)
                  20000018    00000004     system_msp432p401r.obj (.data)

.stack     0    2000fe00    00000200     UNINITIALIZED
                  2000fe00    00000004     rtsv7M4_T_le_v4SPD16_eabi.lib : boot_cortex_m.c.obj (.stack)
                  2000fe04    000001fc     --HOLE--

__llvm_prf_cnts 
*          0    20000000    00000000     UNINITIALIZED

MODULE SUMMARY

       Module                        code   ro data   rw data
       ------                        ----   -------   -------
    .\
       Lab5_main.obj                 876    0         0      
       system_msp432p401r.obj        820    0         8      
       Clock.obj                     480    0         48     
       Motor(1).obj                  436    0         0      
       Init_Ports(1).obj             296    0         0      
       startup_msp432p401r_ccs.obj   14     228       0      
       Init_Timers - Copy(1).obj     136    0         0      
    +--+-----------------------------+------+---------+---------+
       Total:                        3058   228       56     
                                                             
    C:\ti\ccs1271\ccs\tools\compiler\ti-cgt-arm_20.2.7.LTS\lib\rtsv7M4_T_le_v4SPD16_eabi.lib
       fd_div_t2.asm.obj             310    0         0      
       fd_mul_t2.asm.obj             252    0         0      
       memcpy_t2.asm.obj             156    0         0      
       copy_decompress_lzss.c.obj    104    0         0      
       autoinit.c.obj                68     0         0      
       fd_tou_t2.asm.obj             68     0         0      
       boot_cortex_m.c.obj           52     0         0      
       u_tofd_t2.asm.obj             32     0         0      
       copy_decompress_none.c.obj    14     0         0      
       exit.c.obj                    4      0         0      
       pre_init.c.obj                4      0         0      
    +--+-----------------------------+------+---------+---------+
       Total:                        1064   0         0      
                                                             
       Stack:                        0      0         1024   
       Linker Generated:             0      29        0      
    +--+-----------------------------+------+---------+---------+
       Grand Total:                  4122   257       1080   


LINKER GENERATED COPY TABLES

__TI_cinit_table @ 00001118 records: 1, size/record: 8, table size: 8
	.data: load addr=00001100, load size=0000000d bytes, run addr=20000000, run size=0000001c bytes, compression=lzss


LINKER GENERATED HANDLER TABLE

__TI_handler_table @ 00001110 records: 2, size/record: 4, table size: 8
	index: 0, handler: __TI_decompress_lzss
	index: 1, handler: __TI_decompress_none


GLOBAL SYMBOLS: SORTED ALPHABETICALLY BY Name 

address   name                          
-------   ----                          
000010f7  ADC14_IRQHandler              
000010f7  AES256_IRQHandler             
000010f7  BusFault_Handler              
000010fd  C$$EXIT                       
000010f7  COMP_E0_IRQHandler            
000010f7  COMP_E1_IRQHandler            
20000008  CPMwait                       
000010f7  CS_IRQHandler                 
20000000  ClockFrequency                
000008d9  Clock_Delay1ms                
000008af  Clock_Delay1us                
0000089b  Clock_GetFreq                 
00000785  Clock_Init48MHz               
20000014  Crystalstable                 
000010f7  DMA_ERR_IRQHandler            
000010f7  DMA_INT0_IRQHandler           
000010f7  DMA_INT1_IRQHandler           
000010f7  DMA_INT2_IRQHandler           
000010f7  DMA_INT3_IRQHandler           
000010f7  DebugMon_Handler              
000010f7  Default_Handler               
000010f7  EUSCIA0_IRQHandler            
000010f7  EUSCIA1_IRQHandler            
000010f7  EUSCIA2_IRQHandler            
000010f7  EUSCIA3_IRQHandler            
000010f7  EUSCIB0_IRQHandler            
000010f7  EUSCIB1_IRQHandler            
000010f7  EUSCIB2_IRQHandler            
000010f7  EUSCIB3_IRQHandler            
000010f7  FLCTL_IRQHandler              
000010f7  FPU_IRQHandler                
000010f7  HardFault_Handler             
20000010  IFlags                        
000010f7  MemManage_Handler             
00000aab  Motor_Backward                
0000099d  Motor_Forward                 
00000a51  Motor_Left                    
000009f7  Motor_Right                   
00000965  Motor_Stop                    
000010f7  NMI_Handler                   
000010f7  PCM_IRQHandler                
000010f7  PORT1_IRQHandler              
000010f7  PORT2_IRQHandler              
000010f7  PORT3_IRQHandler              
000010f7  PORT4_IRQHandler              
000010f7  PORT5_IRQHandler              
000010f7  PORT6_IRQHandler              
000010f7  PSS_IRQHandler                
000010f7  PendSV_Handler                
00000d27  Port10_Init                   
00000c51  Port1_Init                    
00000c71  Port2_Init                    
00000c99  Port3_Init                    
00000caf  Port4_Init                    
00000cb1  Port5_Init                    
00000cc7  Port6_Init                    
00000cfb  Port7_Init                    
00000cfd  Port8_Init                    
00000cff  Port9_Init                    
00000d29  PortJ_Init                    
2000000c  Postwait                      
20000004  Prewait                       
000010f7  RTC_C_IRQHandler              
000010eb  Reset_Handler                 
000010f7  SVC_Handler                   
000000f7  Servo                         
000000e5  ServoInit                     
000010f7  SysTick_Handler               
20000018  SystemCoreClock               
00000451  SystemCoreClockUpdate         
000006c9  SystemInit                    
000010f7  T32_INT1_IRQHandler           
000010f7  T32_INT2_IRQHandler           
000010f7  T32_INTC_IRQHandler           
000010f7  TA0_0_IRQHandler              
000010f7  TA0_N_IRQHandler              
000010f7  TA1_0_IRQHandler              
000010f7  TA1_N_IRQHandler              
000010f7  TA2_0_IRQHandler              
000010f7  TA2_N_IRQHandler              
000010f7  TA3_0_IRQHandler              
000010f7  TA3_N_IRQHandler              
00000f11  TimerA0_Init                  
00000f3b  TimerA1_Init                  
00000f3d  TimerA2_Init                  
00000f4d  TimerA3_Init                  
000010f7  UsageFault_Handler            
4000480c  WDTCTL_SYM                    
000010f7  WDT_A_IRQHandler              
20010000  __STACK_END                   
00000200  __STACK_SIZE                  
00001118  __TI_CINIT_Base               
00001120  __TI_CINIT_Limit              
00001110  __TI_Handler_Table_Base       
00001118  __TI_Handler_Table_Limit      
00001001  __TI_auto_init_nobinit_nopinit
00000f99  __TI_decompress_lzss          
000010dd  __TI_decompress_none          
ffffffff  __TI_pprof_out_hndl           
ffffffff  __TI_prof_data_size           
ffffffff  __TI_prof_data_start          
00000000  __TI_static_base__            
00001045  __aeabi_d2uiz                 
00000b19  __aeabi_ddiv                  
00000d79  __aeabi_dmul                  
00000e75  __aeabi_memcpy                
00000e75  __aeabi_memcpy4               
00000e75  __aeabi_memcpy8               
000010bd  __aeabi_ui2d                  
ffffffff  __binit__                     
ffffffff  __c_args__                    
UNDEFED   __mpu_init                    
2000fe00  __stack                       
20000000  __start___llvm_prf_cnts       
20000000  __stop___llvm_prf_cnts        
00001089  _c_int00_noargs               
UNDEFED   _system_post_cinit            
000010f9  _system_pre_init              
000010fd  abort                         
ffffffff  binit                         
000008a1  delay                         
0000011b  distanceInCm                  
00000000  interruptVectors              
000001ef  main                          
00000e75  memcpy                        
00000165  pulseIn                       


GLOBAL SYMBOLS: SORTED BY Symbol Address 

address   name                          
-------   ----                          
00000000  __TI_static_base__            
00000000  interruptVectors              
000000e5  ServoInit                     
000000f7  Servo                         
0000011b  distanceInCm                  
00000165  pulseIn                       
000001ef  main                          
00000200  __STACK_SIZE                  
00000451  SystemCoreClockUpdate         
000006c9  SystemInit                    
00000785  Clock_Init48MHz               
0000089b  Clock_GetFreq                 
000008a1  delay                         
000008af  Clock_Delay1us                
000008d9  Clock_Delay1ms                
00000965  Motor_Stop                    
0000099d  Motor_Forward                 
000009f7  Motor_Right                   
00000a51  Motor_Left                    
00000aab  Motor_Backward                
00000b19  __aeabi_ddiv                  
00000c51  Port1_Init                    
00000c71  Port2_Init                    
00000c99  Port3_Init                    
00000caf  Port4_Init                    
00000cb1  Port5_Init                    
00000cc7  Port6_Init                    
00000cfb  Port7_Init                    
00000cfd  Port8_Init                    
00000cff  Port9_Init                    
00000d27  Port10_Init                   
00000d29  PortJ_Init                    
00000d79  __aeabi_dmul                  
00000e75  __aeabi_memcpy                
00000e75  __aeabi_memcpy4               
00000e75  __aeabi_memcpy8               
00000e75  memcpy                        
00000f11  TimerA0_Init                  
00000f3b  TimerA1_Init                  
00000f3d  TimerA2_Init                  
00000f4d  TimerA3_Init                  
00000f99  __TI_decompress_lzss          
00001001  __TI_auto_init_nobinit_nopinit
00001045  __aeabi_d2uiz                 
00001089  _c_int00_noargs               
000010bd  __aeabi_ui2d                  
000010dd  __TI_decompress_none          
000010eb  Reset_Handler                 
000010f7  ADC14_IRQHandler              
000010f7  AES256_IRQHandler             
000010f7  BusFault_Handler              
000010f7  COMP_E0_IRQHandler            
000010f7  COMP_E1_IRQHandler            
000010f7  CS_IRQHandler                 
000010f7  DMA_ERR_IRQHandler            
000010f7  DMA_INT0_IRQHandler           
000010f7  DMA_INT1_IRQHandler           
000010f7  DMA_INT2_IRQHandler           
000010f7  DMA_INT3_IRQHandler           
000010f7  DebugMon_Handler              
000010f7  Default_Handler               
000010f7  EUSCIA0_IRQHandler            
000010f7  EUSCIA1_IRQHandler            
000010f7  EUSCIA2_IRQHandler            
000010f7  EUSCIA3_IRQHandler            
000010f7  EUSCIB0_IRQHandler            
000010f7  EUSCIB1_IRQHandler            
000010f7  EUSCIB2_IRQHandler            
000010f7  EUSCIB3_IRQHandler            
000010f7  FLCTL_IRQHandler              
000010f7  FPU_IRQHandler                
000010f7  HardFault_Handler             
000010f7  MemManage_Handler             
000010f7  NMI_Handler                   
000010f7  PCM_IRQHandler                
000010f7  PORT1_IRQHandler              
000010f7  PORT2_IRQHandler              
000010f7  PORT3_IRQHandler              
000010f7  PORT4_IRQHandler              
000010f7  PORT5_IRQHandler              
000010f7  PORT6_IRQHandler              
000010f7  PSS_IRQHandler                
000010f7  PendSV_Handler                
000010f7  RTC_C_IRQHandler              
000010f7  SVC_Handler                   
000010f7  SysTick_Handler               
000010f7  T32_INT1_IRQHandler           
000010f7  T32_INT2_IRQHandler           
000010f7  T32_INTC_IRQHandler           
000010f7  TA0_0_IRQHandler              
000010f7  TA0_N_IRQHandler              
000010f7  TA1_0_IRQHandler              
000010f7  TA1_N_IRQHandler              
000010f7  TA2_0_IRQHandler              
000010f7  TA2_N_IRQHandler              
000010f7  TA3_0_IRQHandler              
000010f7  TA3_N_IRQHandler              
000010f7  UsageFault_Handler            
000010f7  WDT_A_IRQHandler              
000010f9  _system_pre_init              
000010fd  C$$EXIT                       
000010fd  abort                         
00001110  __TI_Handler_Table_Base       
00001118  __TI_CINIT_Base               
00001118  __TI_Handler_Table_Limit      
00001120  __TI_CINIT_Limit              
20000000  ClockFrequency                
20000000  __start___llvm_prf_cnts       
20000000  __stop___llvm_prf_cnts        
20000004  Prewait                       
20000008  CPMwait                       
2000000c  Postwait                      
20000010  IFlags                        
20000014  Crystalstable                 
20000018  SystemCoreClock               
2000fe00  __stack                       
20010000  __STACK_END                   
4000480c  WDTCTL_SYM                    
ffffffff  __TI_pprof_out_hndl           
ffffffff  __TI_prof_data_size           
ffffffff  __TI_prof_data_start          
ffffffff  __binit__                     
ffffffff  __c_args__                    
ffffffff  binit                         
UNDEFED   __mpu_init                    
UNDEFED   _system_post_cinit            

[126 symbols]
