******************************************************************************
                  TI ARM Linker PC v20.2.7                     
******************************************************************************
>> Linked Thu Feb 20 15:52:18 2025

OUTPUT FILE NAME:   <Lab4.out>
ENTRY POINT SYMBOL: "_c_int00_noargs"  address: 00000c01


MEMORY CONFIGURATION

         name            origin    length      used     unused   attr    fill
----------------------  --------  ---------  --------  --------  ----  --------
  MAIN                  00000000   00040000  00000c78  0003f388  R  X
  INFO                  00200000   00004000  00000000  00004000  R  X
  SRAM_CODE             01000000   00010000  0000021c  0000fde4  RW X
  SRAM_DATA             20000000   00010000  0000021c  0000fde4  RW  


SEGMENT ALLOCATION MAP

run origin  load origin   length   init length attrs members
----------  ----------- ---------- ----------- ----- -------
00000000    00000000    00000c78   00000c78    r-x
  00000000    00000000    000000e4   000000e4    r-- .intvecs
  000000e4    000000e4    00000b74   00000b74    r-x .text
  00000c58    00000c58    00000020   00000020    r-- .cinit
20000000    20000000    0000001c   00000000    rw-
  20000000    20000000    0000001c   00000000    rw- .data
2000fe00    2000fe00    00000200   00000000    rw-
  2000fe00    2000fe00    00000200   00000000    rw- .stack


SECTION ALLOCATION MAP

 output                                  attributes/
section   page    origin      length       input sections
--------  ----  ----------  ----------   ----------------
.intvecs   0    00000000    000000e4     
                  00000000    000000e4     startup_msp432p401r_ccs.obj (.intvecs:retain)

.text      0    000000e4    00000b74     
                  000000e4    00000334     system_msp432p401r.obj (.text)
                  00000418    000001e0     Clock.obj (.text)
                  000005f8    000001b8     Lab4_main - Copy (1).obj (.text)
                  000007b0    000001b4     Motor(1).obj (.text)
                  00000964    000000e4     Init_Ports(1).obj (.text)
                  00000a48    0000009c     rtsv7M4_T_le_v4SPD16_eabi.lib : memcpy_t2.asm.obj (.text)
                  00000ae4    00000070     Init_Timers - Copy(1).obj (.text)
                  00000b54    00000068     rtsv7M4_T_le_v4SPD16_eabi.lib : copy_decompress_lzss.c.obj (.text:decompress:lzss:__TI_decompress_lzss)
                  00000bbc    00000044                                   : autoinit.c.obj (.text:__TI_auto_init_nobinit_nopinit:__TI_auto_init_nobinit_nopinit)
                  00000c00    00000034                                   : boot_cortex_m.c.obj (.text:_c_int00_noargs:_c_int00_noargs)
                  00000c34    0000000e                                   : copy_decompress_none.c.obj (.text:decompress:none:__TI_decompress_none)
                  00000c42    0000000e     startup_msp432p401r_ccs.obj (.text)
                  00000c50    00000004     rtsv7M4_T_le_v4SPD16_eabi.lib : pre_init.c.obj (.text:_system_pre_init)
                  00000c54    00000004                                   : exit.c.obj (.text:abort:abort)

.cinit     0    00000c58    00000020     
                  00000c58    0000000d     (.cinit..data.load) [load image, compression = lzss]
                  00000c65    00000003     --HOLE-- [fill = 0]
                  00000c68    00000008     (__TI_handler_table)
                  00000c70    00000008     (__TI_cinit_table)

.init_array 
*          0    00000000    00000000     UNINITIALIZED

.binit     0    00000000    00000000     

.data      0    20000000    0000001c     UNINITIALIZED
                  20000000    00000018     Clock.obj (.data)
                  20000018    00000004     system_msp432p401r.obj (.data)

.stack     0    2000fe00    00000200     UNINITIALIZED
                  2000fe00    00000004     rtsv7M4_T_le_v4SPD16_eabi.lib : boot_cortex_m.c.obj (.stack)
                  2000fe04    000001fc     --HOLE--

__llvm_prf_cnts 
*          0    20000000    00000000     UNINITIALIZED

MODULE SUMMARY

       Module                        code   ro data   rw data
       ------                        ----   -------   -------
    .\
       system_msp432p401r.obj        820    0         8      
       Clock.obj                     480    0         48     
       Lab4_main - Copy (1).obj      440    0         0      
       Motor(1).obj                  436    0         0      
       startup_msp432p401r_ccs.obj   14     228       0      
       Init_Ports(1).obj             228    0         0      
       Init_Timers - Copy(1).obj     112    0         0      
    +--+-----------------------------+------+---------+---------+
       Total:                        2530   228       56     
                                                             
    C:\ti\ccs1271\ccs\tools\compiler\ti-cgt-arm_20.2.7.LTS\lib\rtsv7M4_T_le_v4SPD16_eabi.lib
       memcpy_t2.asm.obj             156    0         0      
       copy_decompress_lzss.c.obj    104    0         0      
       autoinit.c.obj                68     0         0      
       boot_cortex_m.c.obj           52     0         0      
       copy_decompress_none.c.obj    14     0         0      
       exit.c.obj                    4      0         0      
       pre_init.c.obj                4      0         0      
    +--+-----------------------------+------+---------+---------+
       Total:                        402    0         0      
                                                             
       Stack:                        0      0         1024   
       Linker Generated:             0      29        0      
    +--+-----------------------------+------+---------+---------+
       Grand Total:                  2932   257       1080   


LINKER GENERATED COPY TABLES

__TI_cinit_table @ 00000c70 records: 1, size/record: 8, table size: 8
	.data: load addr=00000c58, load size=0000000d bytes, run addr=20000000, run size=0000001c bytes, compression=lzss


LINKER GENERATED HANDLER TABLE

__TI_handler_table @ 00000c68 records: 2, size/record: 4, table size: 8
	index: 0, handler: __TI_decompress_lzss
	index: 1, handler: __TI_decompress_none


GLOBAL SYMBOLS: SORTED ALPHABETICALLY BY Name 

address   name                          
-------   ----                          
00000c4f  ADC14_IRQHandler              
00000c4f  AES256_IRQHandler             
00000c4f  BusFault_Handler              
00000c55  C$$EXIT                       
00000c4f  COMP_E0_IRQHandler            
00000c4f  COMP_E1_IRQHandler            
20000008  CPMwait                       
00000c4f  CS_IRQHandler                 
20000000  ClockFrequency                
0000056d  Clock_Delay1ms                
00000543  Clock_Delay1us                
0000052f  Clock_GetFreq                 
00000419  Clock_Init48MHz               
20000014  Crystalstable                 
00000c4f  DMA_ERR_IRQHandler            
00000c4f  DMA_INT0_IRQHandler           
00000c4f  DMA_INT1_IRQHandler           
00000c4f  DMA_INT2_IRQHandler           
00000c4f  DMA_INT3_IRQHandler           
00000c4f  DebugMon_Handler              
00000c4f  Default_Handler               
00000c4f  EUSCIA0_IRQHandler            
00000c4f  EUSCIA1_IRQHandler            
00000c4f  EUSCIA2_IRQHandler            
00000c4f  EUSCIA3_IRQHandler            
00000c4f  EUSCIB0_IRQHandler            
00000c4f  EUSCIB1_IRQHandler            
00000c4f  EUSCIB2_IRQHandler            
00000c4f  EUSCIB3_IRQHandler            
00000c4f  FLCTL_IRQHandler              
00000c4f  FPU_IRQHandler                
00000c4f  HardFault_Handler             
20000010  IFlags                        
00000c4f  MemManage_Handler             
000008f7  Motor_Backward                
000007e9  Motor_Forward                 
0000089d  Motor_Left                    
00000843  Motor_Right                   
000007b1  Motor_Stop                    
00000c4f  NMI_Handler                   
00000c4f  PCM_IRQHandler                
00000c4f  PORT1_IRQHandler              
00000c4f  PORT2_IRQHandler              
00000c4f  PORT3_IRQHandler              
00000c4f  PORT4_IRQHandler              
00000c4f  PORT5_IRQHandler              
00000c4f  PORT6_IRQHandler              
00000c4f  PSS_IRQHandler                
00000c4f  PendSV_Handler                
00000a07  Port10_Init                   
00000965  Port1_Init                    
00000985  Port2_Init                    
000009ad  Port3_Init                    
000009c3  Port4_Init                    
000009c5  Port5_Init                    
000009db  Port6_Init                    
000009dd  Port7_Init                    
000009df  Port8_Init                    
000009e1  Port9_Init                    
00000a09  PortJ_Init                    
2000000c  Postwait                      
20000004  Prewait                       
00000c4f  RTC_C_IRQHandler              
00000c43  Reset_Handler                 
00000c4f  SVC_Handler                   
0000060b  Servo                         
000005f9  ServoInit                     
00000c4f  SysTick_Handler               
20000018  SystemCoreClock               
000000e5  SystemCoreClockUpdate         
0000035d  SystemInit                    
00000c4f  T32_INT1_IRQHandler           
00000c4f  T32_INT2_IRQHandler           
00000c4f  T32_INTC_IRQHandler           
00000c4f  TA0_0_IRQHandler              
00000c4f  TA0_N_IRQHandler              
00000c4f  TA1_0_IRQHandler              
00000c4f  TA1_N_IRQHandler              
00000c4f  TA2_0_IRQHandler              
00000c4f  TA2_N_IRQHandler              
00000c4f  TA3_0_IRQHandler              
00000c4f  TA3_N_IRQHandler              
00000ae5  TimerA0_Init                  
00000b0f  TimerA1_Init                  
00000b11  TimerA2_Init                  
00000b13  TimerA3_Init                  
00000c4f  UsageFault_Handler            
4000480c  WDTCTL_SYM                    
00000c4f  WDT_A_IRQHandler              
20010000  __STACK_END                   
00000200  __STACK_SIZE                  
00000c70  __TI_CINIT_Base               
00000c78  __TI_CINIT_Limit              
00000c68  __TI_Handler_Table_Base       
00000c70  __TI_Handler_Table_Limit      
00000bbd  __TI_auto_init_nobinit_nopinit
00000b55  __TI_decompress_lzss          
00000c35  __TI_decompress_none          
ffffffff  __TI_pprof_out_hndl           
ffffffff  __TI_prof_data_size           
ffffffff  __TI_prof_data_start          
00000000  __TI_static_base__            
00000a49  __aeabi_memcpy                
00000a49  __aeabi_memcpy4               
00000a49  __aeabi_memcpy8               
ffffffff  __binit__                     
ffffffff  __c_args__                    
UNDEFED   __mpu_init                    
2000fe00  __stack                       
20000000  __start___llvm_prf_cnts       
20000000  __stop___llvm_prf_cnts        
00000c01  _c_int00_noargs               
UNDEFED   _system_post_cinit            
00000c51  _system_pre_init              
00000c55  abort                         
ffffffff  binit                         
00000535  delay                         
00000000  interruptVectors              
0000062f  main                          
00000a49  memcpy                        


GLOBAL SYMBOLS: SORTED BY Symbol Address 

address   name                          
-------   ----                          
00000000  __TI_static_base__            
00000000  interruptVectors              
000000e5  SystemCoreClockUpdate         
00000200  __STACK_SIZE                  
0000035d  SystemInit                    
00000419  Clock_Init48MHz               
0000052f  Clock_GetFreq                 
00000535  delay                         
00000543  Clock_Delay1us                
0000056d  Clock_Delay1ms                
000005f9  ServoInit                     
0000060b  Servo                         
0000062f  main                          
000007b1  Motor_Stop                    
000007e9  Motor_Forward                 
00000843  Motor_Right                   
0000089d  Motor_Left                    
000008f7  Motor_Backward                
00000965  Port1_Init                    
00000985  Port2_Init                    
000009ad  Port3_Init                    
000009c3  Port4_Init                    
000009c5  Port5_Init                    
000009db  Port6_Init                    
000009dd  Port7_Init                    
000009df  Port8_Init                    
000009e1  Port9_Init                    
00000a07  Port10_Init                   
00000a09  PortJ_Init                    
00000a49  __aeabi_memcpy                
00000a49  __aeabi_memcpy4               
00000a49  __aeabi_memcpy8               
00000a49  memcpy                        
00000ae5  TimerA0_Init                  
00000b0f  TimerA1_Init                  
00000b11  TimerA2_Init                  
00000b13  TimerA3_Init                  
00000b55  __TI_decompress_lzss          
00000bbd  __TI_auto_init_nobinit_nopinit
00000c01  _c_int00_noargs               
00000c35  __TI_decompress_none          
00000c43  Reset_Handler                 
00000c4f  ADC14_IRQHandler              
00000c4f  AES256_IRQHandler             
00000c4f  BusFault_Handler              
00000c4f  COMP_E0_IRQHandler            
00000c4f  COMP_E1_IRQHandler            
00000c4f  CS_IRQHandler                 
00000c4f  DMA_ERR_IRQHandler            
00000c4f  DMA_INT0_IRQHandler           
00000c4f  DMA_INT1_IRQHandler           
00000c4f  DMA_INT2_IRQHandler           
00000c4f  DMA_INT3_IRQHandler           
00000c4f  DebugMon_Handler              
00000c4f  Default_Handler               
00000c4f  EUSCIA0_IRQHandler            
00000c4f  EUSCIA1_IRQHandler            
00000c4f  EUSCIA2_IRQHandler            
00000c4f  EUSCIA3_IRQHandler            
00000c4f  EUSCIB0_IRQHandler            
00000c4f  EUSCIB1_IRQHandler            
00000c4f  EUSCIB2_IRQHandler            
00000c4f  EUSCIB3_IRQHandler            
00000c4f  FLCTL_IRQHandler              
00000c4f  FPU_IRQHandler                
00000c4f  HardFault_Handler             
00000c4f  MemManage_Handler             
00000c4f  NMI_Handler                   
00000c4f  PCM_IRQHandler                
00000c4f  PORT1_IRQHandler              
00000c4f  PORT2_IRQHandler              
00000c4f  PORT3_IRQHandler              
00000c4f  PORT4_IRQHandler              
00000c4f  PORT5_IRQHandler              
00000c4f  PORT6_IRQHandler              
00000c4f  PSS_IRQHandler                
00000c4f  PendSV_Handler                
00000c4f  RTC_C_IRQHandler              
00000c4f  SVC_Handler                   
00000c4f  SysTick_Handler               
00000c4f  T32_INT1_IRQHandler           
00000c4f  T32_INT2_IRQHandler           
00000c4f  T32_INTC_IRQHandler           
00000c4f  TA0_0_IRQHandler              
00000c4f  TA0_N_IRQHandler              
00000c4f  TA1_0_IRQHandler              
00000c4f  TA1_N_IRQHandler              
00000c4f  TA2_0_IRQHandler              
00000c4f  TA2_N_IRQHandler              
00000c4f  TA3_0_IRQHandler              
00000c4f  TA3_N_IRQHandler              
00000c4f  UsageFault_Handler            
00000c4f  WDT_A_IRQHandler              
00000c51  _system_pre_init              
00000c55  C$$EXIT                       
00000c55  abort                         
00000c68  __TI_Handler_Table_Base       
00000c70  __TI_CINIT_Base               
00000c70  __TI_Handler_Table_Limit      
00000c78  __TI_CINIT_Limit              
20000000  ClockFrequency                
20000000  __start___llvm_prf_cnts       
20000000  __stop___llvm_prf_cnts        
20000004  Prewait                       
20000008  CPMwait                       
2000000c  Postwait                      
20000010  IFlags                        
20000014  Crystalstable                 
20000018  SystemCoreClock               
2000fe00  __stack                       
20010000  __STACK_END                   
4000480c  WDTCTL_SYM                    
ffffffff  __TI_pprof_out_hndl           
ffffffff  __TI_prof_data_size           
ffffffff  __TI_prof_data_start          
ffffffff  __binit__                     
ffffffff  __c_args__                    
ffffffff  binit                         
UNDEFED   __mpu_init                    
UNDEFED   _system_post_cinit            

[120 symbols]
