******************************************************************************
                  TI ARM Linker PC v20.2.7                     
******************************************************************************
>> Linked Thu Mar 27 16:07:31 2025

OUTPUT FILE NAME:   <Lab8.out>
ENTRY POINT SYMBOL: "_c_int00_noargs"  address: 00000b51


MEMORY CONFIGURATION

         name            origin    length      used     unused   attr    fill
----------------------  --------  ---------  --------  --------  ----  --------
  MAIN                  00000000   00040000  00000bd8  0003f428  R  X
  INFO                  00200000   00004000  00000000  00004000  R  X
  SRAM_CODE             01000000   00010000  0000021c  0000fde4  RW X
  SRAM_DATA             20000000   00010000  0000021c  0000fde4  RW  


SEGMENT ALLOCATION MAP

run origin  load origin   length   init length attrs members
----------  ----------- ---------- ----------- ----- -------
00000000    00000000    00000bd8   00000bd8    r-x
  00000000    00000000    000000e4   000000e4    r-- .intvecs
  000000e4    000000e4    00000ac4   00000ac4    r-x .text
  00000ba8    00000ba8    00000010   00000010    r-- .const
  00000bb8    00000bb8    00000020   00000020    r-- .cinit
20000000    20000000    0000001c   00000000    rw-
  20000000    20000000    0000001c   00000000    rw- .data
2000fe00    2000fe00    00000200   00000000    rw-
  2000fe00    2000fe00    00000200   00000000    rw- .stack


SECTION ALLOCATION MAP

 output                                  attributes/
section   page    origin      length       input sections
--------  ----  ----------  ----------   ----------------
.intvecs   0    00000000    000000e4     
                  00000000    000000e4     startup_msp432p401r_ccs.obj (.intvecs:retain)

.text      0    000000e4    00000ac4     
                  000000e4    00000334     system_msp432p401r.obj (.text)
                  00000418    000001ec     Init_Ports(1).obj (.text)
                  00000604    000001e0     Clock.obj (.text)
                  000007e4    00000104     Reflectance.obj (.text)
                  000008e8    0000009c     rtsv7M4_T_le_v4SPD16_eabi.lib : memcpy_t2.asm.obj (.text)
                  00000984    00000098     Lab4_main - Copy (1).obj (.text)
                  00000a1c    00000088     Init_Timers - Copy(1).obj (.text)
                  00000aa4    00000068     rtsv7M4_T_le_v4SPD16_eabi.lib : copy_decompress_lzss.c.obj (.text:decompress:lzss:__TI_decompress_lzss)
                  00000b0c    00000044                                   : autoinit.c.obj (.text:__TI_auto_init_nobinit_nopinit:__TI_auto_init_nobinit_nopinit)
                  00000b50    00000034                                   : boot_cortex_m.c.obj (.text:_c_int00_noargs:_c_int00_noargs)
                  00000b84    0000000e                                   : copy_decompress_none.c.obj (.text:decompress:none:__TI_decompress_none)
                  00000b92    0000000e     startup_msp432p401r_ccs.obj (.text)
                  00000ba0    00000004     rtsv7M4_T_le_v4SPD16_eabi.lib : pre_init.c.obj (.text:_system_pre_init)
                  00000ba4    00000004                                   : exit.c.obj (.text:abort:abort)

.const     0    00000ba8    00000010     
                  00000ba8    00000010     Reflectance.obj (.const:$P$T0$1)

.cinit     0    00000bb8    00000020     
                  00000bb8    0000000d     (.cinit..data.load) [load image, compression = lzss]
                  00000bc5    00000003     --HOLE-- [fill = 0]
                  00000bc8    00000008     (__TI_handler_table)
                  00000bd0    00000008     (__TI_cinit_table)

.init_array 
*          0    00000000    00000000     UNINITIALIZED

.binit     0    00000000    00000000     

.data      0    20000000    0000001c     UNINITIALIZED
                  20000000    00000018     Clock.obj (.data)
                  20000018    00000004     system_msp432p401r.obj (.data)

.stack     0    2000fe00    00000200     UNINITIALIZED
                  2000fe00    00000004     rtsv7M4_T_le_v4SPD16_eabi.lib : boot_cortex_m.c.obj (.stack)
                  2000fe04    000001fc     --HOLE--

__llvm_prf_cnts 
*          0    20000000    00000000     UNINITIALIZED

MODULE SUMMARY

       Module                        code   ro data   rw data
       ------                        ----   -------   -------
    .\
       system_msp432p401r.obj        820    0         8      
       Clock.obj                     480    0         48     
       Init_Ports(1).obj             492    0         0      
       Reflectance.obj               260    16        0      
       startup_msp432p401r_ccs.obj   14     228       0      
       Lab4_main - Copy (1).obj      152    0         0      
       Init_Timers - Copy(1).obj     136    0         0      
    +--+-----------------------------+------+---------+---------+
       Total:                        2354   244       56     
                                                             
    C:\ti\ccs1271\ccs\tools\compiler\ti-cgt-arm_20.2.7.LTS\lib\rtsv7M4_T_le_v4SPD16_eabi.lib
       memcpy_t2.asm.obj             156    0         0      
       copy_decompress_lzss.c.obj    104    0         0      
       autoinit.c.obj                68     0         0      
       boot_cortex_m.c.obj           52     0         0      
       copy_decompress_none.c.obj    14     0         0      
       exit.c.obj                    4      0         0      
       pre_init.c.obj                4      0         0      
    +--+-----------------------------+------+---------+---------+
       Total:                        402    0         0      
                                                             
       Stack:                        0      0         1024   
       Linker Generated:             0      29        0      
    +--+-----------------------------+------+---------+---------+
       Grand Total:                  2756   273       1080   


LINKER GENERATED COPY TABLES

__TI_cinit_table @ 00000bd0 records: 1, size/record: 8, table size: 8
	.data: load addr=00000bb8, load size=0000000d bytes, run addr=20000000, run size=0000001c bytes, compression=lzss


LINKER GENERATED HANDLER TABLE

__TI_handler_table @ 00000bc8 records: 2, size/record: 4, table size: 8
	index: 0, handler: __TI_decompress_lzss
	index: 1, handler: __TI_decompress_none


GLOBAL SYMBOLS: SORTED ALPHABETICALLY BY Name 

address   name                          
-------   ----                          
00000b9f  ADC14_IRQHandler              
00000b9f  AES256_IRQHandler             
00000b9f  BusFault_Handler              
00000ba5  C$$EXIT                       
00000b9f  COMP_E0_IRQHandler            
00000b9f  COMP_E1_IRQHandler            
20000008  CPMwait                       
00000b9f  CS_IRQHandler                 
20000000  ClockFrequency                
00000759  Clock_Delay1ms                
0000072f  Clock_Delay1us                
0000071b  Clock_GetFreq                 
00000605  Clock_Init48MHz               
20000014  Crystalstable                 
00000b9f  DMA_ERR_IRQHandler            
00000b9f  DMA_INT0_IRQHandler           
00000b9f  DMA_INT1_IRQHandler           
00000b9f  DMA_INT2_IRQHandler           
00000b9f  DMA_INT3_IRQHandler           
00000b9f  DebugMon_Handler              
00000b9f  Default_Handler               
00000b9f  EUSCIA0_IRQHandler            
00000b9f  EUSCIA1_IRQHandler            
00000b9f  EUSCIA2_IRQHandler            
00000b9f  EUSCIA3_IRQHandler            
00000b9f  EUSCIB0_IRQHandler            
00000b9f  EUSCIB1_IRQHandler            
00000b9f  EUSCIB2_IRQHandler            
00000b9f  EUSCIB3_IRQHandler            
00000b9f  FLCTL_IRQHandler              
00000b9f  FPU_IRQHandler                
00000b9f  HardFault_Handler             
20000010  IFlags                        
00000b9f  MemManage_Handler             
00000b9f  NMI_Handler                   
00000b9f  PCM_IRQHandler                
00000b9f  PORT1_IRQHandler              
00000b9f  PORT2_IRQHandler              
00000b9f  PORT3_IRQHandler              
00000b9f  PORT4_IRQHandler              
00000b9f  PORT5_IRQHandler              
00000b9f  PORT6_IRQHandler              
00000b9f  PSS_IRQHandler                
00000b9f  PendSV_Handler                
0000057d  Port10_Init                   
00000419  Port1_Init                    
00000439  Port2_Init                    
00000461  Port3_Init                    
00000477  Port4_Init                    
000004b5  Port5_Init                    
000004df  Port6_Init                    
00000513  Port7_Init                    
00000547  Port8_Init                    
00000549  Port9_Init                    
0000057f  PortJ_Init                    
2000000c  Postwait                      
20000004  Prewait                       
00000b9f  RTC_C_IRQHandler              
0000084f  Reflectance_Position          
000007e5  Reflectance_Read              
00000b93  Reset_Handler                 
00000b9f  SVC_Handler                   
00000997  Servo                         
00000985  ServoInit                     
00000b9f  SysTick_Handler               
20000018  SystemCoreClock               
000000e5  SystemCoreClockUpdate         
0000035d  SystemInit                    
00000b9f  T32_INT1_IRQHandler           
00000b9f  T32_INT2_IRQHandler           
00000b9f  T32_INTC_IRQHandler           
00000b9f  TA0_0_IRQHandler              
00000b9f  TA0_N_IRQHandler              
00000b9f  TA1_0_IRQHandler              
00000b9f  TA1_N_IRQHandler              
00000b9f  TA2_0_IRQHandler              
00000b9f  TA2_N_IRQHandler              
00000b9f  TA3_0_IRQHandler              
00000b9f  TA3_N_IRQHandler              
00000a1d  TimerA0_Init                  
00000a47  TimerA1_Init                  
00000a49  TimerA2_Init                  
00000a59  TimerA3_Init                  
00000b9f  UsageFault_Handler            
4000480c  WDTCTL_SYM                    
00000b9f  WDT_A_IRQHandler              
20010000  __STACK_END                   
00000200  __STACK_SIZE                  
00000bd0  __TI_CINIT_Base               
00000bd8  __TI_CINIT_Limit              
00000bc8  __TI_Handler_Table_Base       
00000bd0  __TI_Handler_Table_Limit      
00000b0d  __TI_auto_init_nobinit_nopinit
00000aa5  __TI_decompress_lzss          
00000b85  __TI_decompress_none          
ffffffff  __TI_pprof_out_hndl           
ffffffff  __TI_prof_data_size           
ffffffff  __TI_prof_data_start          
00000000  __TI_static_base__            
000008e9  __aeabi_memcpy                
000008e9  __aeabi_memcpy4               
000008e9  __aeabi_memcpy8               
ffffffff  __binit__                     
ffffffff  __c_args__                    
UNDEFED   __mpu_init                    
2000fe00  __stack                       
20000000  __start___llvm_prf_cnts       
20000000  __stop___llvm_prf_cnts        
00000b51  _c_int00_noargs               
UNDEFED   _system_post_cinit            
00000ba1  _system_pre_init              
00000ba5  abort                         
ffffffff  binit                         
00000721  delay                         
00000000  interruptVectors              
000009bb  main                          
000008e9  memcpy                        


GLOBAL SYMBOLS: SORTED BY Symbol Address 

address   name                          
-------   ----                          
00000000  __TI_static_base__            
00000000  interruptVectors              
000000e5  SystemCoreClockUpdate         
00000200  __STACK_SIZE                  
0000035d  SystemInit                    
00000419  Port1_Init                    
00000439  Port2_Init                    
00000461  Port3_Init                    
00000477  Port4_Init                    
000004b5  Port5_Init                    
000004df  Port6_Init                    
00000513  Port7_Init                    
00000547  Port8_Init                    
00000549  Port9_Init                    
0000057d  Port10_Init                   
0000057f  PortJ_Init                    
00000605  Clock_Init48MHz               
0000071b  Clock_GetFreq                 
00000721  delay                         
0000072f  Clock_Delay1us                
00000759  Clock_Delay1ms                
000007e5  Reflectance_Read              
0000084f  Reflectance_Position          
000008e9  __aeabi_memcpy                
000008e9  __aeabi_memcpy4               
000008e9  __aeabi_memcpy8               
000008e9  memcpy                        
00000985  ServoInit                     
00000997  Servo                         
000009bb  main                          
00000a1d  TimerA0_Init                  
00000a47  TimerA1_Init                  
00000a49  TimerA2_Init                  
00000a59  TimerA3_Init                  
00000aa5  __TI_decompress_lzss          
00000b0d  __TI_auto_init_nobinit_nopinit
00000b51  _c_int00_noargs               
00000b85  __TI_decompress_none          
00000b93  Reset_Handler                 
00000b9f  ADC14_IRQHandler              
00000b9f  AES256_IRQHandler             
00000b9f  BusFault_Handler              
00000b9f  COMP_E0_IRQHandler            
00000b9f  COMP_E1_IRQHandler            
00000b9f  CS_IRQHandler                 
00000b9f  DMA_ERR_IRQHandler            
00000b9f  DMA_INT0_IRQHandler           
00000b9f  DMA_INT1_IRQHandler           
00000b9f  DMA_INT2_IRQHandler           
00000b9f  DMA_INT3_IRQHandler           
00000b9f  DebugMon_Handler              
00000b9f  Default_Handler               
00000b9f  EUSCIA0_IRQHandler            
00000b9f  EUSCIA1_IRQHandler            
00000b9f  EUSCIA2_IRQHandler            
00000b9f  EUSCIA3_IRQHandler            
00000b9f  EUSCIB0_IRQHandler            
00000b9f  EUSCIB1_IRQHandler            
00000b9f  EUSCIB2_IRQHandler            
00000b9f  EUSCIB3_IRQHandler            
00000b9f  FLCTL_IRQHandler              
00000b9f  FPU_IRQHandler                
00000b9f  HardFault_Handler             
00000b9f  MemManage_Handler             
00000b9f  NMI_Handler                   
00000b9f  PCM_IRQHandler                
00000b9f  PORT1_IRQHandler              
00000b9f  PORT2_IRQHandler              
00000b9f  PORT3_IRQHandler              
00000b9f  PORT4_IRQHandler              
00000b9f  PORT5_IRQHandler              
00000b9f  PORT6_IRQHandler              
00000b9f  PSS_IRQHandler                
00000b9f  PendSV_Handler                
00000b9f  RTC_C_IRQHandler              
00000b9f  SVC_Handler                   
00000b9f  SysTick_Handler               
00000b9f  T32_INT1_IRQHandler           
00000b9f  T32_INT2_IRQHandler           
00000b9f  T32_INTC_IRQHandler           
00000b9f  TA0_0_IRQHandler              
00000b9f  TA0_N_IRQHandler              
00000b9f  TA1_0_IRQHandler              
00000b9f  TA1_N_IRQHandler              
00000b9f  TA2_0_IRQHandler              
00000b9f  TA2_N_IRQHandler              
00000b9f  TA3_0_IRQHandler              
00000b9f  TA3_N_IRQHandler              
00000b9f  UsageFault_Handler            
00000b9f  WDT_A_IRQHandler              
00000ba1  _system_pre_init              
00000ba5  C$$EXIT                       
00000ba5  abort                         
00000bc8  __TI_Handler_Table_Base       
00000bd0  __TI_CINIT_Base               
00000bd0  __TI_Handler_Table_Limit      
00000bd8  __TI_CINIT_Limit              
20000000  ClockFrequency                
20000000  __start___llvm_prf_cnts       
20000000  __stop___llvm_prf_cnts        
20000004  Prewait                       
20000008  CPMwait                       
2000000c  Postwait                      
20000010  IFlags                        
20000014  Crystalstable                 
20000018  SystemCoreClock               
2000fe00  __stack                       
20010000  __STACK_END                   
4000480c  WDTCTL_SYM                    
ffffffff  __TI_pprof_out_hndl           
ffffffff  __TI_prof_data_size           
ffffffff  __TI_prof_data_start          
ffffffff  __binit__                     
ffffffff  __c_args__                    
ffffffff  binit                         
UNDEFED   __mpu_init                    
UNDEFED   _system_post_cinit            

[117 symbols]
