******************************************************************************
                  TI ARM Linker PC v20.2.7                     
******************************************************************************
>> Linked Thu Apr 24 14:51:02 2025

OUTPUT FILE NAME:   <finalproj.out>
ENTRY POINT SYMBOL: "_c_int00_noargs"  address: 000035f1


MEMORY CONFIGURATION

         name            origin    length      used     unused   attr    fill
----------------------  --------  ---------  --------  --------  ----  --------
  MAIN                  00000000   00040000  0000394c  0003c6b4  R  X
  INFO                  00200000   00004000  00000000  00004000  R  X
  SRAM_CODE             01000000   00010000  00000634  0000f9cc  RW X
  SRAM_DATA             20000000   00010000  00000634  0000f9cc  RW  


SEGMENT ALLOCATION MAP

run origin  load origin   length   init length attrs members
----------  ----------- ---------- ----------- ----- -------
00000000    00000000    00003950   00003950    r-x
  00000000    00000000    000000e4   000000e4    r-- .intvecs
  000000e4    000000e4    000035e0   000035e0    r-x .text
  000036c8    000036c8    00000250   00000250    r-- .const
  00003918    00003918    00000038   00000038    r-- .cinit
20000000    20000000    00000434   00000000    rw-
  20000000    20000000    0000040c   00000000    rw- .bss
  2000040c    2000040c    00000028   00000000    rw- .data
2000fe00    2000fe00    00000200   00000000    rw-
  2000fe00    2000fe00    00000200   00000000    rw- .stack


SECTION ALLOCATION MAP

 output                                  attributes/
section   page    origin      length       input sections
--------  ----  ----------  ----------   ----------------
.intvecs   0    00000000    000000e4     
                  00000000    000000e4     startup_msp432p401r_ccs.obj (.intvecs:retain)

.text      0    000000e4    000035e0     
                  000000e4    00001848     SSD1306.obj (.text)
                  0000192c    000009d0     rtsv7M4_T_le_v4SPD16_eabi.lib : e_pow.c.obj (.text:pow)
                  000022fc    00000334     system_msp432p401r.obj (.text)
                  00002630    000001ec     final.obj (.text)
                  0000281c    000001e0     Clock.obj (.text)
                  000029fc    000001c4     Init_Ports(1).obj (.text)
                  00002bc0    000001b6     rtsv7M4_T_le_v4SPD16_eabi.lib : fd_add_t2.asm.obj (.text)
                  00002d76    00000002     --HOLE-- [fill = 0]
                  00002d78    00000158                                   : e_sqrt.c.obj (.text:sqrt)
                  00002ed0    00000136                                   : fd_div_t2.asm.obj (.text)
                  00003006    00000002     --HOLE-- [fill = 0]
                  00003008    00000110                                   : s_scalbn.c.obj (.text:scalbn)
                  00003118    000000fc                                   : fd_mul_t2.asm.obj (.text)
                  00003214    0000009c                                   : memcpy_t2.asm.obj (.text)
                  000032b0    00000086                                   : fd_cmp_t2.asm.obj (.text:__aeabi_cdcmple)
                  00003336    00000086                                   : fd_cmp_t2.asm.obj (.text:__aeabi_cdrcmple)
                  000033bc    00000080     Init_Timers - Copy(1).obj (.text)
                  0000343c    0000007a     rtsv7M4_T_le_v4SPD16_eabi.lib : memset_t2.asm.obj (.text)
                  000034b6    00000068                                   : copy_decompress_lzss.c.obj (.text:decompress:lzss:__TI_decompress_lzss)
                  0000351e    00000048                                   : fd_toi_t2.asm.obj (.text)
                  00003566    00000002     --HOLE-- [fill = 0]
                  00003568    00000044                                   : autoinit.c.obj (.text:__TI_auto_init_nobinit_nopinit:__TI_auto_init_nobinit_nopinit)
                  000035ac    00000044                                   : fd_tou_t2.asm.obj (.text)
                  000035f0    00000034                                   : boot_cortex_m.c.obj (.text:_c_int00_noargs:_c_int00_noargs)
                  00003624    0000002e                                   : i_tofd_t2.asm.obj (.text)
                  00003652    00000020                                   : u_tofd_t2.asm.obj (.text)
                  00003672    0000001a                                   : s_copysign.c.obj (.text:copysign)
                  0000368c    0000000e                                   : copy_decompress_none.c.obj (.text:decompress:none:__TI_decompress_none)
                  0000369a    0000000e     startup_msp432p401r_ccs.obj (.text)
                  000036a8    0000000c     rtsv7M4_T_le_v4SPD16_eabi.lib : copy_zero_init.c.obj (.text:decompress:ZI:__TI_zero_init)
                  000036b4    00000008                                   : errno.c.obj (.text:__aeabi_errno_addr)
                  000036bc    00000004                                   : pre_init.c.obj (.text:_system_pre_init)
                  000036c0    00000004                                   : exit.c.obj (.text:abort:abort)

.const     0    000036c8    00000250     
                  000036c8    000001e0     SSD1306.obj (.const:ASCII)
                  000038a8    00000030     rtsv7M4_T_le_v4SPD16_eabi.lib : e_pow.c.obj (.const:$O1$$)
                  000038d8    00000008     SSD1306.obj (.const:.string:postmask)
                  000038e0    00000008     SSD1306.obj (.const:.string:premask)
                  000038e8    00000006     SSD1306.obj (.const:.string:init5)
                  000038ee    00000005     SSD1306.obj (.const:.string:dlist1)
                  000038f3    00000004     SSD1306.obj (.const:.string:init1)
                  000038f7    00000004     SSD1306.obj (.const:.string:init2)
                  000038fb    00000004     SSD1306.obj (.const:.string:init3)
                  000038ff    00000003     SSD1306.obj (.const:.string:init4b)
                  00003902    00000003     SSD1306.obj (.const:.string:scrollList1b)
                  00003905    00000003     SSD1306.obj (.const:.string:scrollList2b)
                  00003908    00000002     SSD1306.obj (.const:.string:scrollList1a)
                  0000390a    00000002     SSD1306.obj (.const:.string:scrollList2a)
                  0000390c    00000002     SSD1306.obj (.const:.string:scrollList3a)
                  0000390e    00000002     SSD1306.obj (.const:.string:scrollList3b)
                  00003910    00000002     SSD1306.obj (.const:.string:scrollList3c)
                  00003912    00000002     SSD1306.obj (.const:.string:scrollList4a)
                  00003914    00000002     SSD1306.obj (.const:.string:scrollList4b)
                  00003916    00000002     SSD1306.obj (.const:.string:scrollList4c)

.cinit     0    00003918    00000038     
                  00003918    0000000d     (.cinit..data.load) [load image, compression = lzss]
                  00003925    00000003     --HOLE-- [fill = 0]
                  00003928    0000000c     (__TI_handler_table)
                  00003934    00000004     --HOLE-- [fill = 0]
                  00003938    00000008     (.cinit..bss.load) [load image, compression = zero_init]
                  00003940    00000010     (__TI_cinit_table)

.init_array 
*          0    00000000    00000000     UNINITIALIZED

.binit     0    00000000    00000000     

.bss       0    20000000    0000040c     UNINITIALIZED
                  20000000    00000400     (.common:buffer)
                  20000400    00000004     (.common:rotation)
                  20000404    00000004     (.common:vccstate)
                  20000408    00000002     (.common:StartX)
                  2000040a    00000002     (.common:StartY)

.data      0    2000040c    00000028     UNINITIALIZED
                  2000040c    00000018     Clock.obj (.data)
                  20000424    00000004     SSD1306.obj (.data)
                  20000428    00000004     final.obj (.data)
                  2000042c    00000004     rtsv7M4_T_le_v4SPD16_eabi.lib : errno.c.obj (.data)
                  20000430    00000004     system_msp432p401r.obj (.data)

.stack     0    2000fe00    00000200     UNINITIALIZED
                  2000fe00    00000004     rtsv7M4_T_le_v4SPD16_eabi.lib : boot_cortex_m.c.obj (.stack)
                  2000fe04    000001fc     --HOLE--

__llvm_prf_cnts 
*          0    20000000    00000000     UNINITIALIZED

MODULE SUMMARY

       Module                        code    ro data   rw data
       ------                        ----    -------   -------
    .\
       SSD1306.obj                   6216    544       2080   
       system_msp432p401r.obj        820     0         8      
       Clock.obj                     480     0         48     
       final.obj                     492     0         8      
       Init_Ports(1).obj             452     0         0      
       startup_msp432p401r_ccs.obj   14      228       0      
       Init_Timers - Copy(1).obj     128     0         0      
    +--+-----------------------------+-------+---------+---------+
       Total:                        8602    772       2144   
                                                              
    C:\ti\ccs1271\ccs\tools\compiler\ti-cgt-arm_20.2.7.LTS\lib\rtsv7M4_T_le_v4SPD16_eabi.lib
       e_pow.c.obj                   2512    48        0      
       fd_add_t2.asm.obj             438     0         0      
       e_sqrt.c.obj                  344     0         0      
       fd_div_t2.asm.obj             310     0         0      
       s_scalbn.c.obj                272     0         0      
       fd_cmp_t2.asm.obj             268     0         0      
       fd_mul_t2.asm.obj             252     0         0      
       memcpy_t2.asm.obj             156     0         0      
       memset_t2.asm.obj             122     0         0      
       copy_decompress_lzss.c.obj    104     0         0      
       fd_toi_t2.asm.obj             72      0         0      
       autoinit.c.obj                68      0         0      
       fd_tou_t2.asm.obj             68      0         0      
       boot_cortex_m.c.obj           52      0         0      
       i_tofd_t2.asm.obj             46      0         0      
       u_tofd_t2.asm.obj             32      0         0      
       s_copysign.c.obj              26      0         0      
       errno.c.obj                   8       0         8      
       copy_decompress_none.c.obj    14      0         0      
       copy_zero_init.c.obj          12      0         0      
       exit.c.obj                    4       0         0      
       pre_init.c.obj                4       0         0      
    +--+-----------------------------+-------+---------+---------+
       Total:                        5184    48        8      
                                                              
       Stack:                        0       0         1024   
       Linker Generated:             0       49        0      
    +--+-----------------------------+-------+---------+---------+
       Grand Total:                  13786   869       3176   


LINKER GENERATED COPY TABLES

__TI_cinit_table @ 00003940 records: 2, size/record: 8, table size: 16
	.data: load addr=00003918, load size=0000000d bytes, run addr=2000040c, run size=00000028 bytes, compression=lzss
	.bss: load addr=00003938, load size=00000008 bytes, run addr=20000000, run size=0000040c bytes, compression=zero_init


LINKER GENERATED HANDLER TABLE

__TI_handler_table @ 00003928 records: 3, size/record: 4, table size: 12
	index: 0, handler: __TI_decompress_lzss
	index: 1, handler: __TI_decompress_none
	index: 2, handler: __TI_zero_init


GLOBAL SYMBOLS: SORTED ALPHABETICALLY BY Name 

address   name                          
-------   ----                          
000036a7  ADC14_IRQHandler              
000036a7  AES256_IRQHandler             
000036a7  BusFault_Handler              
000036c1  C$$EXIT                       
000036a7  COMP_E0_IRQHandler            
000036a7  COMP_E1_IRQHandler            
20000414  CPMwait                       
000036a7  CS_IRQHandler                 
2000040c  ClockFrequency                
00002971  Clock_Delay1ms                
00002947  Clock_Delay1us                
00002933  Clock_GetFreq                 
0000281d  Clock_Init48MHz               
20000420  Crystalstable                 
20000424  CurrentX                      
20000426  CurrentY                      
000036a7  DMA_ERR_IRQHandler            
000036a7  DMA_INT0_IRQHandler           
000036a7  DMA_INT1_IRQHandler           
000036a7  DMA_INT2_IRQHandler           
000036a7  DMA_INT3_IRQHandler           
000036a7  DebugMon_Handler              
000036a7  Default_Handler               
000036a7  EUSCIA0_IRQHandler            
000036a7  EUSCIA1_IRQHandler            
000036a7  EUSCIA2_IRQHandler            
000036a7  EUSCIA3_IRQHandler            
000036a7  EUSCIB0_IRQHandler            
000036a7  EUSCIB1_IRQHandler            
000036a7  EUSCIB2_IRQHandler            
000036a7  EUSCIB3_IRQHandler            
000036a7  FLCTL_IRQHandler              
000036a7  FPU_IRQHandler                
000036a7  HardFault_Handler             
2000041c  IFlags                        
000036a7  MemManage_Handler             
000036a7  NMI_Handler                   
000036a7  PCM_IRQHandler                
00002705  PORT1_IRQHandler              
00002705  PORT1_IRQHandler              
000036a7  PORT2_IRQHandler              
000036a7  PORT3_IRQHandler              
000036a7  PORT4_IRQHandler              
000036a7  PORT5_IRQHandler              
000036a7  PORT6_IRQHandler              
000036a7  PSS_IRQHandler                
000036a7  PendSV_Handler                
00002b61  Port10_Init                   
00002a29  Port1_Init                    
00002a8d  Port2_Init                    
00002ad3  Port3_Init                    
00002ae9  Port4_Init                    
00002aeb  Port5_Init                    
00002b01  Port6_Init                    
00002b35  Port7_Init                    
00002b37  Port8_Init                    
00002b39  Port9_Init                    
00002b63  PortJ_Init                    
20000418  Postwait                      
20000410  Prewait                       
000036a7  RTC_C_IRQHandler              
0000369b  Reset_Handler                 
0000054d  SSD1306_Clear                 
0000050d  SSD1306_ClearBuffer           
00000f69  SSD1306_Dim                   
00000e23  SSD1306_DisplayBuffer         
0000040d  SSD1306_DrawChar              
000007e5  SSD1306_DrawFastHLine         
00000a09  SSD1306_DrawFastVLine         
000005a1  SSD1306_DrawFullImage         
00000291  SSD1306_DrawPixel             
000004c1  SSD1306_DrawString            
00000e1f  SSD1306_GetBuffer             
00000d21  SSD1306_GetPixel              
0000018b  SSD1306_Init                  
00000f53  SSD1306_InvertDisplay         
00001015  SSD1306_OutChar               
000017cf  SSD1306_OutHex7               
00001381  SSD1306_OutSDec               
000016e1  SSD1306_OutSFix1              
0000113b  SSD1306_OutString             
00001195  SSD1306_OutUDec               
00001835  SSD1306_OutUDec16             
000018cd  SSD1306_OutUDec2              
0000164d  SSD1306_OutUFix1              
00001805  SSD1306_OutUHex7              
00000605  SSD1306_PrintBMP              
00000f9b  SSD1306_SetCursor             
000008f7  SSD1306_drawFastHLineInternal 
00000b21  SSD1306_drawFastVLineInternal 
00000f09  SSD1306_startscrolldiagleft   
00000ec5  SSD1306_startscrolldiagright  
00000e8f  SSD1306_startscrollleft       
00000e5d  SSD1306_startscrollright      
00000f49  SSD1306_stopscroll            
000036a7  SVC_Handler                   
20000408  StartX                        
2000040a  StartY                        
000036a7  SysTick_Handler               
20000430  SystemCoreClock               
000022fd  SystemCoreClockUpdate         
00002575  SystemInit                    
000036a7  T32_INT1_IRQHandler           
000036a7  T32_INT2_IRQHandler           
000036a7  T32_INTC_IRQHandler           
000036a7  TA0_0_IRQHandler              
000036a7  TA0_N_IRQHandler              
000036a7  TA1_0_IRQHandler              
000036a7  TA1_N_IRQHandler              
000036a7  TA2_0_IRQHandler              
000036a7  TA2_N_IRQHandler              
000036a7  TA3_0_IRQHandler              
000036a7  TA3_N_IRQHandler              
000033bd  TimerA0_Init                  
000033df  TimerA1_Init                  
000033e1  TimerA2_Init                  
000033f1  TimerA3_Init                  
000036a7  UsageFault_Handler            
4000480c  WDTCTL_SYM                    
000036a7  WDT_A_IRQHandler              
20010000  __STACK_END                   
00000200  __STACK_SIZE                  
00003940  __TI_CINIT_Base               
00003950  __TI_CINIT_Limit              
00003928  __TI_Handler_Table_Base       
00003934  __TI_Handler_Table_Limit      
00003569  __TI_auto_init_nobinit_nopinit
000034b7  __TI_decompress_lzss          
0000368d  __TI_decompress_none          
ffffffff  __TI_pprof_out_hndl           
ffffffff  __TI_prof_data_size           
ffffffff  __TI_prof_data_start          
00000000  __TI_static_base__            
000036a9  __TI_zero_init                
000032b1  __aeabi_cdcmpeq               
000032b1  __aeabi_cdcmple               
00003337  __aeabi_cdrcmple              
0000351f  __aeabi_d2iz                  
000035ad  __aeabi_d2uiz                 
00002bcb  __aeabi_dadd                  
00002ed1  __aeabi_ddiv                  
00003119  __aeabi_dmul                  
00002bc1  __aeabi_dsub                  
000036b5  __aeabi_errno_addr            
00003625  __aeabi_i2d                   
0000343d  __aeabi_memclr                
0000343d  __aeabi_memclr4               
0000343d  __aeabi_memclr8               
00003215  __aeabi_memcpy                
00003215  __aeabi_memcpy4               
00003215  __aeabi_memcpy8               
0000343f  __aeabi_memset                
0000343f  __aeabi_memset4               
0000343f  __aeabi_memset8               
00003653  __aeabi_ui2d                  
ffffffff  __binit__                     
ffffffff  __c_args__                    
UNDEFED   __mpu_init                    
2000fe00  __stack                       
20000000  __start___llvm_prf_cnts       
20000000  __stop___llvm_prf_cnts        
000035f1  _c_int00_noargs               
UNDEFED   _system_post_cinit            
000036bd  _system_pre_init              
000036c1  abort                         
000026d3  beep                          
ffffffff  binit                         
20000000  buffer                        
00003673  copysign                      
00003673  copysignl                     
00002939  delay                         
2000042c  errno                         
20000428  freeze                        
00002631  getDistance                   
00000000  interruptVectors              
00003009  ldexp                         
00003009  ldexpl                        
00002729  main                          
00003215  memcpy                        
00003445  memset                        
0000192d  pow                           
0000192d  powl                          
00002683  pulseIn                       
20000400  rotation                      
00003009  scalbn                        
00003009  scalbnl                       
00002d79  sqrt                          
00002d79  sqrtl                         
00000113  ssd1306_Testcommandwrite      
00000143  ssd1306_command               
00000153  ssd1306_command1              
00000163  ssd1306_commandList           
20000404  vccstate                      


GLOBAL SYMBOLS: SORTED BY Symbol Address 

address   name                          
-------   ----                          
00000000  __TI_static_base__            
00000000  interruptVectors              
00000113  ssd1306_Testcommandwrite      
00000143  ssd1306_command               
00000153  ssd1306_command1              
00000163  ssd1306_commandList           
0000018b  SSD1306_Init                  
00000200  __STACK_SIZE                  
00000291  SSD1306_DrawPixel             
0000040d  SSD1306_DrawChar              
000004c1  SSD1306_DrawString            
0000050d  SSD1306_ClearBuffer           
0000054d  SSD1306_Clear                 
000005a1  SSD1306_DrawFullImage         
00000605  SSD1306_PrintBMP              
000007e5  SSD1306_DrawFastHLine         
000008f7  SSD1306_drawFastHLineInternal 
00000a09  SSD1306_DrawFastVLine         
00000b21  SSD1306_drawFastVLineInternal 
00000d21  SSD1306_GetPixel              
00000e1f  SSD1306_GetBuffer             
00000e23  SSD1306_DisplayBuffer         
00000e5d  SSD1306_startscrollright      
00000e8f  SSD1306_startscrollleft       
00000ec5  SSD1306_startscrolldiagright  
00000f09  SSD1306_startscrolldiagleft   
00000f49  SSD1306_stopscroll            
00000f53  SSD1306_InvertDisplay         
00000f69  SSD1306_Dim                   
00000f9b  SSD1306_SetCursor             
00001015  SSD1306_OutChar               
0000113b  SSD1306_OutString             
00001195  SSD1306_OutUDec               
00001381  SSD1306_OutSDec               
0000164d  SSD1306_OutUFix1              
000016e1  SSD1306_OutSFix1              
000017cf  SSD1306_OutHex7               
00001805  SSD1306_OutUHex7              
00001835  SSD1306_OutUDec16             
000018cd  SSD1306_OutUDec2              
0000192d  pow                           
0000192d  powl                          
000022fd  SystemCoreClockUpdate         
00002575  SystemInit                    
00002631  getDistance                   
00002683  pulseIn                       
000026d3  beep                          
00002705  PORT1_IRQHandler              
00002705  PORT1_IRQHandler              
00002729  main                          
0000281d  Clock_Init48MHz               
00002933  Clock_GetFreq                 
00002939  delay                         
00002947  Clock_Delay1us                
00002971  Clock_Delay1ms                
00002a29  Port1_Init                    
00002a8d  Port2_Init                    
00002ad3  Port3_Init                    
00002ae9  Port4_Init                    
00002aeb  Port5_Init                    
00002b01  Port6_Init                    
00002b35  Port7_Init                    
00002b37  Port8_Init                    
00002b39  Port9_Init                    
00002b61  Port10_Init                   
00002b63  PortJ_Init                    
00002bc1  __aeabi_dsub                  
00002bcb  __aeabi_dadd                  
00002d79  sqrt                          
00002d79  sqrtl                         
00002ed1  __aeabi_ddiv                  
00003009  ldexp                         
00003009  ldexpl                        
00003009  scalbn                        
00003009  scalbnl                       
00003119  __aeabi_dmul                  
00003215  __aeabi_memcpy                
00003215  __aeabi_memcpy4               
00003215  __aeabi_memcpy8               
00003215  memcpy                        
000032b1  __aeabi_cdcmpeq               
000032b1  __aeabi_cdcmple               
00003337  __aeabi_cdrcmple              
000033bd  TimerA0_Init                  
000033df  TimerA1_Init                  
000033e1  TimerA2_Init                  
000033f1  TimerA3_Init                  
0000343d  __aeabi_memclr                
0000343d  __aeabi_memclr4               
0000343d  __aeabi_memclr8               
0000343f  __aeabi_memset                
0000343f  __aeabi_memset4               
0000343f  __aeabi_memset8               
00003445  memset                        
000034b7  __TI_decompress_lzss          
0000351f  __aeabi_d2iz                  
00003569  __TI_auto_init_nobinit_nopinit
000035ad  __aeabi_d2uiz                 
000035f1  _c_int00_noargs               
00003625  __aeabi_i2d                   
00003653  __aeabi_ui2d                  
00003673  copysign                      
00003673  copysignl                     
0000368d  __TI_decompress_none          
0000369b  Reset_Handler                 
000036a7  ADC14_IRQHandler              
000036a7  AES256_IRQHandler             
000036a7  BusFault_Handler              
000036a7  COMP_E0_IRQHandler            
000036a7  COMP_E1_IRQHandler            
000036a7  CS_IRQHandler                 
000036a7  DMA_ERR_IRQHandler            
000036a7  DMA_INT0_IRQHandler           
000036a7  DMA_INT1_IRQHandler           
000036a7  DMA_INT2_IRQHandler           
000036a7  DMA_INT3_IRQHandler           
000036a7  DebugMon_Handler              
000036a7  Default_Handler               
000036a7  EUSCIA0_IRQHandler            
000036a7  EUSCIA1_IRQHandler            
000036a7  EUSCIA2_IRQHandler            
000036a7  EUSCIA3_IRQHandler            
000036a7  EUSCIB0_IRQHandler            
000036a7  EUSCIB1_IRQHandler            
000036a7  EUSCIB2_IRQHandler            
000036a7  EUSCIB3_IRQHandler            
000036a7  FLCTL_IRQHandler              
000036a7  FPU_IRQHandler                
000036a7  HardFault_Handler             
000036a7  MemManage_Handler             
000036a7  NMI_Handler                   
000036a7  PCM_IRQHandler                
000036a7  PORT2_IRQHandler              
000036a7  PORT3_IRQHandler              
000036a7  PORT4_IRQHandler              
000036a7  PORT5_IRQHandler              
000036a7  PORT6_IRQHandler              
000036a7  PSS_IRQHandler                
000036a7  PendSV_Handler                
000036a7  RTC_C_IRQHandler              
000036a7  SVC_Handler                   
000036a7  SysTick_Handler               
000036a7  T32_INT1_IRQHandler           
000036a7  T32_INT2_IRQHandler           
000036a7  T32_INTC_IRQHandler           
000036a7  TA0_0_IRQHandler              
000036a7  TA0_N_IRQHandler              
000036a7  TA1_0_IRQHandler              
000036a7  TA1_N_IRQHandler              
000036a7  TA2_0_IRQHandler              
000036a7  TA2_N_IRQHandler              
000036a7  TA3_0_IRQHandler              
000036a7  TA3_N_IRQHandler              
000036a7  UsageFault_Handler            
000036a7  WDT_A_IRQHandler              
000036a9  __TI_zero_init                
000036b5  __aeabi_errno_addr            
000036bd  _system_pre_init              
000036c1  C$$EXIT                       
000036c1  abort                         
00003928  __TI_Handler_Table_Base       
00003934  __TI_Handler_Table_Limit      
00003940  __TI_CINIT_Base               
00003950  __TI_CINIT_Limit              
20000000  __start___llvm_prf_cnts       
20000000  __stop___llvm_prf_cnts        
20000000  buffer                        
20000400  rotation                      
20000404  vccstate                      
20000408  StartX                        
2000040a  StartY                        
2000040c  ClockFrequency                
20000410  Prewait                       
20000414  CPMwait                       
20000418  Postwait                      
2000041c  IFlags                        
20000420  Crystalstable                 
20000424  CurrentX                      
20000426  CurrentY                      
20000428  freeze                        
2000042c  errno                         
20000430  SystemCoreClock               
2000fe00  __stack                       
20010000  __STACK_END                   
4000480c  WDTCTL_SYM                    
ffffffff  __TI_pprof_out_hndl           
ffffffff  __TI_prof_data_size           
ffffffff  __TI_prof_data_start          
ffffffff  __binit__                     
ffffffff  __c_args__                    
ffffffff  binit                         
UNDEFED   __mpu_init                    
UNDEFED   _system_post_cinit            

[193 symbols]
