******************************************************************************
                  TI ARM Linker PC v20.2.7                     
******************************************************************************
>> Linked Thu Mar 20 15:35:52 2025

OUTPUT FILE NAME:   <Lab7_BLE.out>
ENTRY POINT SYMBOL: "_c_int00_noargs"  address: 00003389


MEMORY CONFIGURATION

         name            origin    length      used     unused   attr    fill
----------------------  --------  ---------  --------  --------  ----  --------
  MAIN                  00000000   00040000  000037e5  0003c81b  R  X
  INFO                  00200000   00004000  00000000  00004000  R  X
  SRAM_CODE             01000000   00010000  00000d96  0000f26a  RW X
  SRAM_DATA             20000000   00010000  00000d96  0000f26a  RW  


SEGMENT ALLOCATION MAP

run origin  load origin   length   init length attrs members
----------  ----------- ---------- ----------- ----- -------
00000000    00000000    000037e8   000037e8    r-x
  00000000    00000000    000000e4   000000e4    r-- .intvecs
  000000e4    000000e4    00003486   00003486    r-x .text
  0000356a    0000356a    0000013b   0000013b    r-- .const
  000036a8    000036a8    00000140   00000140    r-- .cinit
20000000    20000000    00000b9c   00000000    rw-
  20000000    20000000    0000046a   00000000    rw- .bss
  20000470    20000470    00000400   00000000    rw- .sysmem
  20000870    20000870    0000032c   00000000    rw- .data
2000fe00    2000fe00    00000200   00000000    rw-
  2000fe00    2000fe00    00000200   00000000    rw- .stack


SECTION ALLOCATION MAP

 output                                  attributes/
section   page    origin      length       input sections
--------  ----  ----------  ----------   ----------------
.intvecs   0    00000000    000000e4     
                  00000000    000000e4     startup_msp432p401r_ccs.obj (.intvecs:retain)

.text      0    000000e4    00003486     
                  000000e4    0000100c     AP.obj (.text)
                  000010f0    000006cc     UART0.obj (.text)
                  000017bc    0000065c     VerySimpleBLEmain.obj (.text)
                  00001e18    00000334     system_msp432p401r.obj (.text)
                  0000214c    000001e0     Clock.obj (.text)
                  0000232c    000001a4     UART1.obj (.text)
                  000024d0    00000110     rtsv7M4_T_le_v4SPD16_eabi.lib : fopen.c.obj (.text:_openfile)
                  000025e0    00000100                                   : memory.c.obj (.text:aligned_alloc)
                  000026e0    000000f8     LaunchPad.obj (.text)
                  000027d8    000000e4     rtsv7M4_T_le_v4SPD16_eabi.lib : memory.c.obj (.text:free)
                  000028bc    000000dc                                   : setvbuf.c.obj (.text:setvbuf)
                  00002998    000000c0     GPIO.obj (.text)
                  00002a58    000000bc     rtsv7M4_T_le_v4SPD16_eabi.lib : open.c.obj (.text:open)
                  00002b14    000000b8                                   : add_device.c.obj (.text:add_device)
                  00002bcc    0000009c                                   : fopen.c.obj (.text:fopen)
                  00002c68    0000009c                                   : memcpy_t2.asm.obj (.text)
                  00002d04    0000007a                                   : memset_t2.asm.obj (.text)
                  00002d7e    00000002                                   : _lock.c.obj (.text:_nop)
                  00002d80    00000074                                   : fclose.c.obj (.text:__TI_closefile)
                  00002df4    00000070                                   : memory.c.obj (.text:split)
                  00002e64    0000006c                                   : hostrename.c.obj (.text:HOSTrename)
                  00002ed0    00000068                                   : hostlseek.c.obj (.text:HOSTlseek)
                  00002f38    00000068                                   : copy_decompress_lzss.c.obj (.text:decompress:lzss:__TI_decompress_lzss)
                  00002fa0    00000060                                   : hostopen.c.obj (.text:HOSTopen)
                  00003000    0000005c                                   : close.c.obj (.text:close)
                  0000305c    00000058                                   : hostread.c.obj (.text:HOSTread)
                  000030b4    00000058                                   : hostwrite.c.obj (.text:HOSTwrite)
                  0000310c    0000004c                                   : fflush.c.obj (.text:__TI_doflush)
                  00003158    00000048                                   : exit.c.obj (.text:exit)
                  000031a0    00000044                                   : hostclose.c.obj (.text:HOSTclose)
                  000031e4    00000044                                   : hostunlink.c.obj (.text:HOSTunlink)
                  00003228    00000044                                   : autoinit.c.obj (.text:__TI_auto_init_nobinit_nopinit:__TI_auto_init_nobinit_nopinit)
                  0000326c    00000044                                   : getdevice.c.obj (.text:getdevice)
                  000032b0    00000038                                   : trgmsg.c.obj (.text:__TI_writemsg)
                  000032e8    00000036                                   : strncpy.c.obj (.text:strncpy)
                  0000331e    00000002     --HOLE-- [fill = 0]
                  00003320    00000034                                   : fopen.c.obj (.text:__TI_cleanup)
                  00003354    00000034                                   : trgmsg.c.obj (.text:__TI_readmsg)
                  00003388    00000034                                   : boot_cortex_m.c.obj (.text:_c_int00_noargs:_c_int00_noargs)
                  000033bc    00000034                                   : fopen.c.obj (.text:freopen)
                  000033f0    00000030                                   : getdevice.c.obj (.text:finddevice)
                  00003420    0000002c                                   : unlink.c.obj (.text:unlink)
                  0000344c    00000028                                   : memory.c.obj (.text:free_list_insert)
                  00003474    00000028                                   : write.c.obj (.text:write)
                  0000349c    00000024     CortexM.obj (.text)
                  000034c0    0000001c     rtsv7M4_T_le_v4SPD16_eabi.lib : memory.c.obj (.text:free_list_remove)
                  000034dc    00000018                                   : strcmp.c.obj (.text:strcmp)
                  000034f4    00000016                                   : strchr.c.obj (.text:strchr)
                  0000350a    00000014                                   : strcpy.c.obj (.text:strcpy)
                  0000351e    00000014                                   : strlen.c.obj (.text:strlen)
                  00003532    0000000e                                   : copy_decompress_none.c.obj (.text:decompress:none:__TI_decompress_none)
                  00003540    0000000e     startup_msp432p401r_ccs.obj (.text)
                  0000354e    0000000c     rtsv7M4_T_le_v4SPD16_eabi.lib : copy_zero_init.c.obj (.text:decompress:ZI:__TI_zero_init)
                  0000355a    00000008                                   : memory.c.obj (.text:malloc)
                  00003562    00000004                                   : pre_init.c.obj (.text:_system_pre_init)
                  00003566    00000004                                   : exit.c.obj (.text:abort:abort)

.const     0    0000356a    0000013b     
                  0000356a    00000021     VerySimpleBLEmain.obj (.const:.string:NPI_SetAdvertisementDataMsg)
                  0000358b    00000018     VerySimpleBLEmain.obj (.const:.string:NPI_GATTSetDeviceNameMsg)
                  000035a3    00000015     VerySimpleBLEmain.obj (.const:.string:NPI_AddCharDescriptor2)
                  000035b8    00000014     AP.obj (.const:.string:NPI_StartAdvertisement)
                  000035cc    00000014     VerySimpleBLEmain.obj (.const:.string:NPI_StartAdvertisementMsg)
                  000035e0    00000013     VerySimpleBLEmain.obj (.const:.string:NPI_AddCharDescriptor4)
                  000035f3    00000011     VerySimpleBLEmain.obj (.const:.string:NPI_AddCharDescriptor1)
                  00003604    00000011     VerySimpleBLEmain.obj (.const:.string:NPI_AddCharDescriptor3)
                  00003615    00000011     AP.obj (.const:.string:NPI_SetAdvertisement1)
                  00003626    00000011     VerySimpleBLEmain.obj (.const:.string:NPI_SetAdvertisementMsg)
                  00003637    0000000e     VerySimpleBLEmain.obj (.const:.string:NPI_AddCharValue1)
                  00003645    0000000e     VerySimpleBLEmain.obj (.const:.string:NPI_AddCharValue2)
                  00003653    0000000e     VerySimpleBLEmain.obj (.const:.string:NPI_AddCharValue3)
                  00003661    0000000e     VerySimpleBLEmain.obj (.const:.string:NPI_AddCharValue4)
                  0000366f    00000009     AP.obj (.const:.string:HCI_EXT_ResetSystemCmd)
                  00003678    00000009     VerySimpleBLEmain.obj (.const:.string:NPI_AddServiceMsg)
                  00003681    00000006     AP.obj (.const:.string:NPI_GetStatus)
                  00003687    00000006     VerySimpleBLEmain.obj (.const:.string:NPI_GetStatusMsg)
                  0000368d    00000006     AP.obj (.const:.string:NPI_GetVersion)
                  00003693    00000006     VerySimpleBLEmain.obj (.const:.string:NPI_GetVersionMsg)
                  00003699    00000006     AP.obj (.const:.string:NPI_Register)
                  0000369f    00000006     VerySimpleBLEmain.obj (.const:.string:NPI_RegisterMsg)

.cinit     0    000036a8    00000140     
                  000036a8    0000011c     (.cinit..data.load) [load image, compression = lzss]
                  000037c4    0000000c     (__TI_handler_table)
                  000037d0    00000008     (.cinit..bss.load) [load image, compression = zero_init]
                  000037d8    00000010     (__TI_cinit_table)

.init_array 
*          0    00000000    00000000     UNINITIALIZED

.binit     0    00000000    00000000     

.bss       0    20000000    0000046a     UNINITIALIZED
                  20000000    00000120     rtsv7M4_T_le_v4SPD16_eabi.lib : trgmsg.c.obj (.bss:_CIOBUF_)
                  20000120    00000100     (.common:RxFIFO)
                  20000220    000000a0     (.common:CharacteristicList)
                  200002c0    000000a0     (.common:__TI_tmpnams)
                  20000360    00000080     (.common:RecvBuf)
                  200003e0    00000050     (.common:NotifyCharacteristicList)
                  20000430    00000008     (.common:Messageb)
                  20000438    00000008     (.common:parmbuf)
                  20000440    00000004     (.common:Messageindexb)
                  20000444    00000004     (.common:NoSOFErr)
                  20000448    00000004     (.common:RxFifoLost)
                  2000044c    00000004     (.common:RxGetI)
                  20000450    00000004     (.common:RxPutI)
                  20000454    00000004     (.common:TimeOutErr)
                  20000458    00000004     (.common:fcserr)
                  2000045c    00000002     (.common:CCCDhandle)
                  2000045e    00000002     (.common:CCCDvalue)
                  20000460    00000002     (.common:Handle1)
                  20000462    00000002     (.common:Handle2)
                  20000464    00000002     (.common:Handle3)
                  20000466    00000002     (.common:Handle4)
                  20000468    00000001     (.common:Count)
                  20000469    00000001     (.common:Data)

.sysmem    0    20000470    00000400     UNINITIALIZED
                  20000470    00000010     rtsv7M4_T_le_v4SPD16_eabi.lib : memory.c.obj (.sysmem)
                  20000480    000003f0     --HOLE--

.data      0    20000870    0000032c     UNINITIALIZED
                  20000870    000000f0     rtsv7M4_T_le_v4SPD16_eabi.lib : defs.c.obj (.data:_ftable)
                  20000960    00000078                                   : host_device.c.obj (.data:_device)
                  200009d8    00000050                                   : host_device.c.obj (.data:_stream)
                  20000a28    00000025     AP.obj (.data:NPI_SetAdvertisementData)
                  20000a4d    00000022     AP.obj (.data:NPI_SetAdvertisementDataJacki)
                  20000a6f    00000020     AP.obj (.data:NPI_AddCharDescriptor)
                  20000a8f    0000001c     AP.obj (.data:NPI_GATTSetDeviceName)
                  20000aab    00000001     --HOLE--
                  20000aac    00000018     Clock.obj (.data)
                  20000ac4    00000015     AP.obj (.data:NPI_ReadConfirmation)
                  20000ad9    00000015     VerySimpleBLEmain.obj (.data:NPI_ReadConfirmationMsg)
                  20000aee    00000014     AP.obj (.data:NPI_SendNotificationIndication)
                  20000b02    00000014     VerySimpleBLEmain.obj (.data:NPI_SendNotificationIndicationMsg)
                  20000b16    00000002     --HOLE--
                  20000b18    00000010     rtsv7M4_T_le_v4SPD16_eabi.lib : defs.c.obj (.data)
                  20000b28    0000000e     AP.obj (.data:NPI_AddCharValue)
                  20000b36    00000002     --HOLE--
                  20000b38    0000000c     rtsv7M4_T_le_v4SPD16_eabi.lib : exit.c.obj (.data:$O1$$)
                  20000b44    00000009     AP.obj (.data:NPI_AddService)
                  20000b4d    00000009     AP.obj (.data:NPI_CCCDUpdatedConfirmation)
                  20000b56    00000009     VerySimpleBLEmain.obj (.data:NPI_CCCDUpdatedConfirmationMsg)
                  20000b5f    00000009     AP.obj (.data:NPI_WriteConfirmation)
                  20000b68    00000009     VerySimpleBLEmain.obj (.data:NPI_WriteConfirmationMsg)
                  20000b71    00000003     --HOLE--
                  20000b74    00000008     rtsv7M4_T_le_v4SPD16_eabi.lib : _lock.c.obj (.data:$O1$$)
                  20000b7c    00000008                                   : memory.c.obj (.data:$O1$$)
                  20000b84    00000008     AP.obj (.data)
                  20000b8c    00000004     rtsv7M4_T_le_v4SPD16_eabi.lib : add_device.c.obj (.data)
                  20000b90    00000004                                   : fopen.c.obj (.data)
                  20000b94    00000004                                   : open.c.obj (.data)
                  20000b98    00000004     system_msp432p401r.obj (.data)

.stack     0    2000fe00    00000200     UNINITIALIZED
                  2000fe00    00000004     rtsv7M4_T_le_v4SPD16_eabi.lib : boot_cortex_m.c.obj (.stack)
                  2000fe04    000001fc     --HOLE--

__llvm_prf_cnts 
*          0    20000000    00000000     UNINITIALIZED

MODULE SUMMARY

       Module                        code    ro data   rw data
       ------                        ----    -------   -------
    .\
       AP.obj                        4108    64        1202   
       VerySimpleBLEmain.obj         1628    251       146    
       UART0.obj                     1740    0         24     
       UART1.obj                     420     0         536    
       system_msp432p401r.obj        820     0         8      
       Clock.obj                     480     0         48     
       LaunchPad.obj                 248     0         0      
       startup_msp432p401r_ccs.obj   14      228       0      
       GPIO.obj                      192     0         0      
       CortexM.obj                   36      0         0      
    +--+-----------------------------+-------+---------+---------+
       Total:                        9686    543       1964   
                                                              
    C:\ti\ccs1271\ccs\tools\compiler\ti-cgt-arm_20.2.7.LTS\lib\rtsv7M4_T_le_v4SPD16_eabi.lib
       defs.c.obj                    0       0         832    
       memory.c.obj                  672     0         16     
       trgmsg.c.obj                  108     0         576    
       fopen.c.obj                   532     0         8      
       host_device.c.obj             0       0         400    
       setvbuf.c.obj                 220     0         0      
       open.c.obj                    188     0         8      
       add_device.c.obj              184     0         8      
       memcpy_t2.asm.obj             156     0         0      
       memset_t2.asm.obj             122     0         0      
       fclose.c.obj                  116     0         0      
       getdevice.c.obj               116     0         0      
       hostopen.c.obj                96      0         16     
       hostrename.c.obj              108     0         0      
       copy_decompress_lzss.c.obj    104     0         0      
       hostlseek.c.obj               104     0         0      
       exit.c.obj                    76      0         24     
       close.c.obj                   92      0         0      
       hostread.c.obj                88      0         0      
       hostwrite.c.obj               88      0         0      
       fflush.c.obj                  76      0         0      
       autoinit.c.obj                68      0         0      
       hostclose.c.obj               68      0         0      
       hostunlink.c.obj              68      0         0      
       strncpy.c.obj                 54      0         0      
       boot_cortex_m.c.obj           52      0         0      
       unlink.c.obj                  44      0         0      
       write.c.obj                   40      0         0      
       strcmp.c.obj                  24      0         0      
       strchr.c.obj                  22      0         0      
       strcpy.c.obj                  20      0         0      
       strlen.c.obj                  20      0         0      
       _lock.c.obj                   2       0         16     
       copy_decompress_none.c.obj    14      0         0      
       copy_zero_init.c.obj          12      0         0      
       pre_init.c.obj                4       0         0      
    +--+-----------------------------+-------+---------+---------+
       Total:                        3758    0         1904   
                                                              
       Heap:                         0       0         2048   
       Stack:                        0       0         1024   
       Linker Generated:             0       320       0      
    +--+-----------------------------+-------+---------+---------+
       Grand Total:                  13444   863       6940   


LINKER GENERATED COPY TABLES

__TI_cinit_table @ 000037d8 records: 2, size/record: 8, table size: 16
	.data: load addr=000036a8, load size=0000011c bytes, run addr=20000870, run size=0000032c bytes, compression=lzss
	.bss: load addr=000037d0, load size=00000008 bytes, run addr=20000000, run size=0000046a bytes, compression=zero_init


LINKER GENERATED HANDLER TABLE

__TI_handler_table @ 000037c4 records: 3, size/record: 4, table size: 12
	index: 0, handler: __TI_decompress_lzss
	index: 1, handler: __TI_decompress_none
	index: 2, handler: __TI_zero_init


GLOBAL SYMBOLS: SORTED ALPHABETICALLY BY Name 

address   name                             
-------   ----                             
0000354d  ADC14_IRQHandler                 
0000354d  AES256_IRQHandler                
00000745  AP_AddCharacteristic             
00000901  AP_AddNotifyCharacteristic       
000006ed  AP_AddService                    
00000e0d  AP_BackgroundProcess             
0000028b  AP_EchoReceived                  
0000021f  AP_EchoSendMessage               
000006d7  AP_GetNotifyCCCD                 
000001f5  AP_GetSize                       
00000ce5  AP_GetStatus                     
00000d21  AP_GetVersion                    
0000010f  AP_Init                          
000004ad  AP_RecvMessage                   
00000689  AP_RecvStatus                    
00000725  AP_RegisterService               
000000e5  AP_Reset                         
00000311  AP_SendMessage                   
00000697  AP_SendMessageResponse           
00000b29  AP_SendNotification              
00000c29  AP_StartAdvertisement            
00000c7d  AP_StartAdvertisementJacki       
0000354d  BusFault_Handler                 
00003567  C$$EXIT                          
000032df  C$$IO$$                          
2000045c  CCCDhandle                       
2000045e  CCCDvalue                        
0000354d  COMP_E0_IRQHandler               
0000354d  COMP_E1_IRQHandler               
20000ab4  CPMwait                          
0000354d  CS_IRQHandler                    
20000b84  CharacteristicCount              
20000220  CharacteristicList               
20000aac  ClockFrequency                   
000022a1  Clock_Delay1ms                   
00002277  Clock_Delay1us                   
00002263  Clock_GetFreq                    
0000214d  Clock_Init48MHz                  
20000468  Count                            
20000ac0  Crystalstable                    
0000354d  DMA_ERR_IRQHandler               
0000354d  DMA_INT0_IRQHandler              
0000354d  DMA_INT1_IRQHandler              
0000354d  DMA_INT2_IRQHandler              
0000354d  DMA_INT3_IRQHandler              
20000469  Data                             
0000354d  DebugMon_Handler                 
0000354d  Default_Handler                  
0000349d  DisableInterrupts                
0000354d  EUSCIA0_IRQHandler               
0000354d  EUSCIA1_IRQHandler               
00002455  EUSCIA2_IRQHandler               
00002455  EUSCIA2_IRQHandler               
0000354d  EUSCIA3_IRQHandler               
0000354d  EUSCIB0_IRQHandler               
0000354d  EUSCIB1_IRQHandler               
0000354d  EUSCIB2_IRQHandler               
0000354d  EUSCIB3_IRQHandler               
000034a3  EnableInterrupts                 
000034b3  EndCritical                      
0000354d  FLCTL_IRQHandler                 
0000354d  FPU_IRQHandler                   
00002999  GPIO_Init                        
0000366f  HCI_EXT_ResetSystemCmd           
000031a1  HOSTclose                        
00002ed1  HOSTlseek                        
00002fa1  HOSTopen                         
0000305d  HOSTread                         
00002e65  HOSTrename                       
000031e5  HOSTunlink                       
000030b5  HOSTwrite                        
20000460  Handle1                          
20000462  Handle2                          
20000464  Handle3                          
20000466  Handle4                          
0000354d  HardFault_Handler                
20000abc  IFlags                           
000026e1  LaunchPad_Init                   
00002751  LaunchPad_Input                  
0000276f  LaunchPad_LED                    
0000278d  LaunchPad_Output                 
0000354d  MemManage_Handler                
20000430  Messageb                         
20000440  Messageindexb                    
0000354d  NMI_Handler                      
20000a6f  NPI_AddCharDescriptor            
000035f3  NPI_AddCharDescriptor1           
000035a3  NPI_AddCharDescriptor2           
00003604  NPI_AddCharDescriptor3           
000035e0  NPI_AddCharDescriptor4           
20000b28  NPI_AddCharValue                 
00003637  NPI_AddCharValue1                
00003645  NPI_AddCharValue2                
00003653  NPI_AddCharValue3                
00003661  NPI_AddCharValue4                
20000b44  NPI_AddService                   
00003678  NPI_AddServiceMsg                
20000b4d  NPI_CCCDUpdatedConfirmation      
20000b56  NPI_CCCDUpdatedConfirmationMsg   
20000a8f  NPI_GATTSetDeviceName            
0000358b  NPI_GATTSetDeviceNameMsg         
00003681  NPI_GetStatus                    
00003687  NPI_GetStatusMsg                 
0000368d  NPI_GetVersion                   
00003693  NPI_GetVersionMsg                
20000ac4  NPI_ReadConfirmation             
20000ad9  NPI_ReadConfirmationMsg          
00003699  NPI_Register                     
0000369f  NPI_RegisterMsg                  
20000aee  NPI_SendNotificationIndication   
20000b02  NPI_SendNotificationIndicationMsg
00003615  NPI_SetAdvertisement1            
20000a28  NPI_SetAdvertisementData         
20000a4d  NPI_SetAdvertisementDataJacki    
0000356a  NPI_SetAdvertisementDataMsg      
00003626  NPI_SetAdvertisementMsg          
000035b8  NPI_StartAdvertisement           
000035cc  NPI_StartAdvertisementMsg        
20000b5f  NPI_WriteConfirmation            
20000b68  NPI_WriteConfirmationMsg         
20000444  NoSOFErr                         
20000b88  NotifyCharacteristicCount        
200003e0  NotifyCharacteristicList         
000017bd  OutValue                         
0000354d  PCM_IRQHandler                   
0000354d  PORT1_IRQHandler                 
0000354d  PORT2_IRQHandler                 
0000354d  PORT3_IRQHandler                 
0000354d  PORT4_IRQHandler                 
0000354d  PORT5_IRQHandler                 
0000354d  PORT6_IRQHandler                 
0000354d  PSS_IRQHandler                   
0000354d  PendSV_Handler                   
20000ab8  Postwait                         
20000ab0  Prewait                          
0000354d  RTC_C_IRQHandler                 
20000360  RecvBuf                          
00003541  Reset_Handler                    
20000120  RxFIFO                           
20000448  RxFifoLost                       
00002385  RxFifo_Get                       
0000232d  RxFifo_Init                      
0000233f  RxFifo_Put                       
2000044c  RxGetI                           
20000450  RxPutI                           
0000354d  SVC_Handler                      
000034a9  StartCritical                    
0000354d  SysTick_Handler                  
20000b98  SystemCoreClock                  
00001e19  SystemCoreClockUpdate            
00002091  SystemInit                       
0000354d  T32_INT1_IRQHandler              
0000354d  T32_INT2_IRQHandler              
0000354d  T32_INTC_IRQHandler              
0000354d  TA0_0_IRQHandler                 
0000354d  TA0_N_IRQHandler                 
0000354d  TA1_0_IRQHandler                 
0000354d  TA1_N_IRQHandler                 
0000354d  TA2_0_IRQHandler                 
0000354d  TA2_N_IRQHandler                 
0000354d  TA3_0_IRQHandler                 
0000354d  TA3_N_IRQHandler                 
20000454  TimeOutErr                       
00001137  UART0_InChar                     
000015d1  UART0_InString                   
00001181  UART0_InUDec                     
00001485  UART0_InUHex                     
000010f1  UART0_Init                       
00001731  UART0_Initprintf                 
00001147  UART0_OutChar                    
00001239  UART0_OutSDec                    
00001163  UART0_OutString                  
00001205  UART0_OutUDec                    
0000137f  UART0_OutUDec4                   
000013d9  UART0_OutUDec5                   
00001411  UART0_OutUFix1                   
00001439  UART0_OutUFix2                   
00001549  UART0_OutUHex                    
000015b5  UART0_OutUHex2                   
00002489  UART1_FinishOutput               
00002427  UART1_InChar                     
000023bb  UART1_InStatus                   
000023cb  UART1_Init                       
00002439  UART1_OutChar                    
0000246b  UART1_OutString                  
0000354d  UsageFault_Handler               
4000480c  WDTCTL_SYM                       
0000354d  WDT_A_IRQHandler                 
000034bb  WaitForInterrupt                 
20000000  __CIOBUF_                        
20010000  __STACK_END                      
00000200  __STACK_SIZE                     
00000400  __SYSMEM_SIZE                    
000037d8  __TI_CINIT_Base                  
000037e8  __TI_CINIT_Limit                 
000037c4  __TI_Handler_Table_Base          
000037d0  __TI_Handler_Table_Limit         
00003229  __TI_auto_init_nobinit_nopinit   
00003321  __TI_cleanup                     
20000b38  __TI_cleanup_ptr                 
00002d81  __TI_closefile                   
00002f39  __TI_decompress_lzss             
00003533  __TI_decompress_none             
0000310d  __TI_doflush                     
20000b3c  __TI_dtors_ptr                   
20000b40  __TI_enable_exit_profile_output  
20000b18  __TI_ft_end                      
ffffffff  __TI_pprof_out_hndl              
ffffffff  __TI_prof_data_size              
ffffffff  __TI_prof_data_start             
00003355  __TI_readmsg                     
00000000  __TI_static_base__               
200002c0  __TI_tmpnams                     
000032b1  __TI_writemsg                    
0000354f  __TI_zero_init                   
00002d05  __aeabi_memclr                   
00002d05  __aeabi_memclr4                  
00002d05  __aeabi_memclr8                  
00002c69  __aeabi_memcpy                   
00002c69  __aeabi_memcpy4                  
00002c69  __aeabi_memcpy8                  
00002d07  __aeabi_memset                   
00002d07  __aeabi_memset4                  
00002d07  __aeabi_memset8                  
20000b24  __aeabi_stderr                   
20000b1c  __aeabi_stdin                    
20000b20  __aeabi_stdout                   
ffffffff  __binit__                        
ffffffff  __c_args__                       
UNDEFED   __mpu_init                       
2000fe00  __stack                          
20000000  __start___llvm_prf_cnts          
20000000  __stop___llvm_prf_cnts           
00003389  _c_int00_noargs                  
20000960  _device                          
20000870  _ftable                          
20000b74  _lock                            
00002d7f  _nop                             
200009d8  _stream                          
20000470  _sys_memory                      
UNDEFED   _system_post_cinit               
00003563  _system_pre_init                 
20000b78  _unlock                          
00003567  abort                            
00002b15  add_device                       
000025e1  aligned_alloc                    
ffffffff  binit                            
00003001  close                            
00002269  delay                            
00003159  exit                             
20000458  fcserr                           
0000166b  ferror                           
0000164b  fgetc                            
000033f1  finddevice                       
00002bcd  fopen                            
000027d9  free                             
000033bd  freopen                          
0000326d  getdevice                        
00000000  interruptVectors                 
000017d1  main                             
0000355b  malloc                           
000025e1  memalign                         
00002c69  memcpy                           
00002d0d  memset                           
00002a59  open                             
0000158d  outnibble                        
20000438  parmbuf                          
00003421  remove                           
000028bd  setvbuf                          
000034f5  strchr                           
000034dd  strcmp                           
0000350b  strcpy                           
0000351f  strlen                           
000032e9  strncpy                          
00001689  uart_close                       
00001707  uart_lseek                       
00001679  uart_open                        
0000169b  uart_read                        
00001723  uart_rename                      
00001717  uart_unlink                      
000016c5  uart_write                       
00003421  unlink                           
00003475  write                            


GLOBAL SYMBOLS: SORTED BY Symbol Address 

address   name                             
-------   ----                             
00000000  __TI_static_base__               
00000000  interruptVectors                 
000000e5  AP_Reset                         
0000010f  AP_Init                          
000001f5  AP_GetSize                       
00000200  __STACK_SIZE                     
0000021f  AP_EchoSendMessage               
0000028b  AP_EchoReceived                  
00000311  AP_SendMessage                   
00000400  __SYSMEM_SIZE                    
000004ad  AP_RecvMessage                   
00000689  AP_RecvStatus                    
00000697  AP_SendMessageResponse           
000006d7  AP_GetNotifyCCCD                 
000006ed  AP_AddService                    
00000725  AP_RegisterService               
00000745  AP_AddCharacteristic             
00000901  AP_AddNotifyCharacteristic       
00000b29  AP_SendNotification              
00000c29  AP_StartAdvertisement            
00000c7d  AP_StartAdvertisementJacki       
00000ce5  AP_GetStatus                     
00000d21  AP_GetVersion                    
00000e0d  AP_BackgroundProcess             
000010f1  UART0_Init                       
00001137  UART0_InChar                     
00001147  UART0_OutChar                    
00001163  UART0_OutString                  
00001181  UART0_InUDec                     
00001205  UART0_OutUDec                    
00001239  UART0_OutSDec                    
0000137f  UART0_OutUDec4                   
000013d9  UART0_OutUDec5                   
00001411  UART0_OutUFix1                   
00001439  UART0_OutUFix2                   
00001485  UART0_InUHex                     
00001549  UART0_OutUHex                    
0000158d  outnibble                        
000015b5  UART0_OutUHex2                   
000015d1  UART0_InString                   
0000164b  fgetc                            
0000166b  ferror                           
00001679  uart_open                        
00001689  uart_close                       
0000169b  uart_read                        
000016c5  uart_write                       
00001707  uart_lseek                       
00001717  uart_unlink                      
00001723  uart_rename                      
00001731  UART0_Initprintf                 
000017bd  OutValue                         
000017d1  main                             
00001e19  SystemCoreClockUpdate            
00002091  SystemInit                       
0000214d  Clock_Init48MHz                  
00002263  Clock_GetFreq                    
00002269  delay                            
00002277  Clock_Delay1us                   
000022a1  Clock_Delay1ms                   
0000232d  RxFifo_Init                      
0000233f  RxFifo_Put                       
00002385  RxFifo_Get                       
000023bb  UART1_InStatus                   
000023cb  UART1_Init                       
00002427  UART1_InChar                     
00002439  UART1_OutChar                    
00002455  EUSCIA2_IRQHandler               
00002455  EUSCIA2_IRQHandler               
0000246b  UART1_OutString                  
00002489  UART1_FinishOutput               
000025e1  aligned_alloc                    
000025e1  memalign                         
000026e1  LaunchPad_Init                   
00002751  LaunchPad_Input                  
0000276f  LaunchPad_LED                    
0000278d  LaunchPad_Output                 
000027d9  free                             
000028bd  setvbuf                          
00002999  GPIO_Init                        
00002a59  open                             
00002b15  add_device                       
00002bcd  fopen                            
00002c69  __aeabi_memcpy                   
00002c69  __aeabi_memcpy4                  
00002c69  __aeabi_memcpy8                  
00002c69  memcpy                           
00002d05  __aeabi_memclr                   
00002d05  __aeabi_memclr4                  
00002d05  __aeabi_memclr8                  
00002d07  __aeabi_memset                   
00002d07  __aeabi_memset4                  
00002d07  __aeabi_memset8                  
00002d0d  memset                           
00002d7f  _nop                             
00002d81  __TI_closefile                   
00002e65  HOSTrename                       
00002ed1  HOSTlseek                        
00002f39  __TI_decompress_lzss             
00002fa1  HOSTopen                         
00003001  close                            
0000305d  HOSTread                         
000030b5  HOSTwrite                        
0000310d  __TI_doflush                     
00003159  exit                             
000031a1  HOSTclose                        
000031e5  HOSTunlink                       
00003229  __TI_auto_init_nobinit_nopinit   
0000326d  getdevice                        
000032b1  __TI_writemsg                    
000032df  C$$IO$$                          
000032e9  strncpy                          
00003321  __TI_cleanup                     
00003355  __TI_readmsg                     
00003389  _c_int00_noargs                  
000033bd  freopen                          
000033f1  finddevice                       
00003421  remove                           
00003421  unlink                           
00003475  write                            
0000349d  DisableInterrupts                
000034a3  EnableInterrupts                 
000034a9  StartCritical                    
000034b3  EndCritical                      
000034bb  WaitForInterrupt                 
000034dd  strcmp                           
000034f5  strchr                           
0000350b  strcpy                           
0000351f  strlen                           
00003533  __TI_decompress_none             
00003541  Reset_Handler                    
0000354d  ADC14_IRQHandler                 
0000354d  AES256_IRQHandler                
0000354d  BusFault_Handler                 
0000354d  COMP_E0_IRQHandler               
0000354d  COMP_E1_IRQHandler               
0000354d  CS_IRQHandler                    
0000354d  DMA_ERR_IRQHandler               
0000354d  DMA_INT0_IRQHandler              
0000354d  DMA_INT1_IRQHandler              
0000354d  DMA_INT2_IRQHandler              
0000354d  DMA_INT3_IRQHandler              
0000354d  DebugMon_Handler                 
0000354d  Default_Handler                  
0000354d  EUSCIA0_IRQHandler               
0000354d  EUSCIA1_IRQHandler               
0000354d  EUSCIA3_IRQHandler               
0000354d  EUSCIB0_IRQHandler               
0000354d  EUSCIB1_IRQHandler               
0000354d  EUSCIB2_IRQHandler               
0000354d  EUSCIB3_IRQHandler               
0000354d  FLCTL_IRQHandler                 
0000354d  FPU_IRQHandler                   
0000354d  HardFault_Handler                
0000354d  MemManage_Handler                
0000354d  NMI_Handler                      
0000354d  PCM_IRQHandler                   
0000354d  PORT1_IRQHandler                 
0000354d  PORT2_IRQHandler                 
0000354d  PORT3_IRQHandler                 
0000354d  PORT4_IRQHandler                 
0000354d  PORT5_IRQHandler                 
0000354d  PORT6_IRQHandler                 
0000354d  PSS_IRQHandler                   
0000354d  PendSV_Handler                   
0000354d  RTC_C_IRQHandler                 
0000354d  SVC_Handler                      
0000354d  SysTick_Handler                  
0000354d  T32_INT1_IRQHandler              
0000354d  T32_INT2_IRQHandler              
0000354d  T32_INTC_IRQHandler              
0000354d  TA0_0_IRQHandler                 
0000354d  TA0_N_IRQHandler                 
0000354d  TA1_0_IRQHandler                 
0000354d  TA1_N_IRQHandler                 
0000354d  TA2_0_IRQHandler                 
0000354d  TA2_N_IRQHandler                 
0000354d  TA3_0_IRQHandler                 
0000354d  TA3_N_IRQHandler                 
0000354d  UsageFault_Handler               
0000354d  WDT_A_IRQHandler                 
0000354f  __TI_zero_init                   
0000355b  malloc                           
00003563  _system_pre_init                 
00003567  C$$EXIT                          
00003567  abort                            
0000356a  NPI_SetAdvertisementDataMsg      
0000358b  NPI_GATTSetDeviceNameMsg         
000035a3  NPI_AddCharDescriptor2           
000035b8  NPI_StartAdvertisement           
000035cc  NPI_StartAdvertisementMsg        
000035e0  NPI_AddCharDescriptor4           
000035f3  NPI_AddCharDescriptor1           
00003604  NPI_AddCharDescriptor3           
00003615  NPI_SetAdvertisement1            
00003626  NPI_SetAdvertisementMsg          
00003637  NPI_AddCharValue1                
00003645  NPI_AddCharValue2                
00003653  NPI_AddCharValue3                
00003661  NPI_AddCharValue4                
0000366f  HCI_EXT_ResetSystemCmd           
00003678  NPI_AddServiceMsg                
00003681  NPI_GetStatus                    
00003687  NPI_GetStatusMsg                 
0000368d  NPI_GetVersion                   
00003693  NPI_GetVersionMsg                
00003699  NPI_Register                     
0000369f  NPI_RegisterMsg                  
000037c4  __TI_Handler_Table_Base          
000037d0  __TI_Handler_Table_Limit         
000037d8  __TI_CINIT_Base                  
000037e8  __TI_CINIT_Limit                 
20000000  __CIOBUF_                        
20000000  __start___llvm_prf_cnts          
20000000  __stop___llvm_prf_cnts           
20000120  RxFIFO                           
20000220  CharacteristicList               
200002c0  __TI_tmpnams                     
20000360  RecvBuf                          
200003e0  NotifyCharacteristicList         
20000430  Messageb                         
20000438  parmbuf                          
20000440  Messageindexb                    
20000444  NoSOFErr                         
20000448  RxFifoLost                       
2000044c  RxGetI                           
20000450  RxPutI                           
20000454  TimeOutErr                       
20000458  fcserr                           
2000045c  CCCDhandle                       
2000045e  CCCDvalue                        
20000460  Handle1                          
20000462  Handle2                          
20000464  Handle3                          
20000466  Handle4                          
20000468  Count                            
20000469  Data                             
20000470  _sys_memory                      
20000870  _ftable                          
20000960  _device                          
200009d8  _stream                          
20000a28  NPI_SetAdvertisementData         
20000a4d  NPI_SetAdvertisementDataJacki    
20000a6f  NPI_AddCharDescriptor            
20000a8f  NPI_GATTSetDeviceName            
20000aac  ClockFrequency                   
20000ab0  Prewait                          
20000ab4  CPMwait                          
20000ab8  Postwait                         
20000abc  IFlags                           
20000ac0  Crystalstable                    
20000ac4  NPI_ReadConfirmation             
20000ad9  NPI_ReadConfirmationMsg          
20000aee  NPI_SendNotificationIndication   
20000b02  NPI_SendNotificationIndicationMsg
20000b18  __TI_ft_end                      
20000b1c  __aeabi_stdin                    
20000b20  __aeabi_stdout                   
20000b24  __aeabi_stderr                   
20000b28  NPI_AddCharValue                 
20000b38  __TI_cleanup_ptr                 
20000b3c  __TI_dtors_ptr                   
20000b40  __TI_enable_exit_profile_output  
20000b44  NPI_AddService                   
20000b4d  NPI_CCCDUpdatedConfirmation      
20000b56  NPI_CCCDUpdatedConfirmationMsg   
20000b5f  NPI_WriteConfirmation            
20000b68  NPI_WriteConfirmationMsg         
20000b74  _lock                            
20000b78  _unlock                          
20000b84  CharacteristicCount              
20000b88  NotifyCharacteristicCount        
20000b98  SystemCoreClock                  
2000fe00  __stack                          
20010000  __STACK_END                      
4000480c  WDTCTL_SYM                       
ffffffff  __TI_pprof_out_hndl              
ffffffff  __TI_prof_data_size              
ffffffff  __TI_prof_data_start             
ffffffff  __binit__                        
ffffffff  __c_args__                       
ffffffff  binit                            
UNDEFED   __mpu_init                       
UNDEFED   _system_post_cinit               

[283 symbols]
